Component: ARM Compiler 5.06 update 6 (build 750) Tool: armlink [4d35ed]

==============================================================================

Section Cross References

    main.o(i.main) refers to at32f403a_407_wk_config.o(i.wk_system_clock_config) for wk_system_clock_config
    main.o(i.main) refers to at32f403a_407_wk_config.o(i.wk_periph_clock_config) for wk_periph_clock_config
    main.o(i.main) refers to wk_debug.o(i.wk_debug_config) for wk_debug_config
    main.o(i.main) refers to at32f403a_407_wk_config.o(i.wk_nvic_config) for wk_nvic_config
    main.o(i.main) refers to wk_system.o(i.wk_timebase_init) for wk_timebase_init
    main.o(i.main) refers to wk_usart.o(i.wk_usart1_init) for wk_usart1_init
    main.o(i.main) refers to wk_sdio.o(i.wk_sdio2_init) for wk_sdio2_init
    main.o(i.main) refers to wk_acc.o(i.wk_acc_init) for wk_acc_init
    main.o(i.main) refers to wk_usbfs.o(i.wk_usbfs_init) for wk_usbfs_init
    main.o(i.main) refers to usb_app.o(i.wk_usb_app_init) for wk_usb_app_init
    main.o(i.main) refers to usb_app.o(i.wk_usb_app_task) for wk_usb_app_task
    main.o(i.main) refers to noretval__2printf.o(.text) for __2printf
    at32f403a_407_wk_config.o(i.wk_nvic_config) refers to at32f403a_407_misc.o(i.nvic_priority_group_config) for nvic_priority_group_config
    at32f403a_407_wk_config.o(i.wk_nvic_config) refers to at32f403a_407_wk_config.o(i.__NVIC_GetPriorityGrouping) for __NVIC_GetPriorityGrouping
    at32f403a_407_wk_config.o(i.wk_nvic_config) refers to at32f403a_407_wk_config.o(i.NVIC_EncodePriority) for NVIC_EncodePriority
    at32f403a_407_wk_config.o(i.wk_nvic_config) refers to at32f403a_407_wk_config.o(i.__NVIC_SetPriority) for __NVIC_SetPriority
    at32f403a_407_wk_config.o(i.wk_nvic_config) refers to at32f403a_407_misc.o(i.nvic_irq_enable) for nvic_irq_enable
    at32f403a_407_wk_config.o(i.wk_periph_clock_config) refers to at32f403a_407_crm.o(i.crm_periph_clock_enable) for crm_periph_clock_enable
    at32f403a_407_wk_config.o(i.wk_system_clock_config) refers to at32f403a_407_crm.o(i.crm_reset) for crm_reset
    at32f403a_407_wk_config.o(i.wk_system_clock_config) refers to at32f403a_407_crm.o(i.crm_clock_source_enable) for crm_clock_source_enable
    at32f403a_407_wk_config.o(i.wk_system_clock_config) refers to at32f403a_407_crm.o(i.crm_flag_get) for crm_flag_get
    at32f403a_407_wk_config.o(i.wk_system_clock_config) refers to at32f403a_407_crm.o(i.crm_hext_stable_wait) for crm_hext_stable_wait
    at32f403a_407_wk_config.o(i.wk_system_clock_config) refers to at32f403a_407_crm.o(i.crm_pll_config) for crm_pll_config
    at32f403a_407_wk_config.o(i.wk_system_clock_config) refers to at32f403a_407_crm.o(i.crm_ahb_div_set) for crm_ahb_div_set
    at32f403a_407_wk_config.o(i.wk_system_clock_config) refers to at32f403a_407_crm.o(i.crm_apb2_div_set) for crm_apb2_div_set
    at32f403a_407_wk_config.o(i.wk_system_clock_config) refers to at32f403a_407_crm.o(i.crm_apb1_div_set) for crm_apb1_div_set
    at32f403a_407_wk_config.o(i.wk_system_clock_config) refers to at32f403a_407_crm.o(i.crm_auto_step_mode_enable) for crm_auto_step_mode_enable
    at32f403a_407_wk_config.o(i.wk_system_clock_config) refers to at32f403a_407_crm.o(i.crm_sysclk_switch) for crm_sysclk_switch
    at32f403a_407_wk_config.o(i.wk_system_clock_config) refers to at32f403a_407_crm.o(i.crm_sysclk_switch_status_get) for crm_sysclk_switch_status_get
    at32f403a_407_wk_config.o(i.wk_system_clock_config) refers to system_at32f403a_407.o(i.system_core_clock_update) for system_core_clock_update
    at32f403a_407_int.o(i.SysTick_Handler) refers to wk_system.o(i.wk_timebase_handler) for wk_timebase_handler
    at32f403a_407_int.o(i.USBFS_MAPL_IRQHandler) refers to usb_app.o(i.wk_usbfs_irq_handler) for wk_usbfs_irq_handler
    wk_system.o(.rev16_text) refers (Special) to use_no_semi_2.o(.text) for __use_no_semihosting
    wk_system.o(.revsh_text) refers (Special) to use_no_semi_2.o(.text) for __use_no_semihosting
    wk_system.o(.rrx_text) refers (Special) to use_no_semi_2.o(.text) for __use_no_semihosting
    wk_system.o(i._sys_exit) refers (Special) to use_no_semi_2.o(.text) for __use_no_semihosting
    wk_system.o(i._ttywrch) refers (Special) to use_no_semi_2.o(.text) for __use_no_semihosting
    wk_system.o(i.fputc) refers (Special) to use_no_semi_2.o(.text) for __use_no_semihosting
    wk_system.o(i.fputc) refers to at32f403a_407_usart.o(i.usart_flag_get) for usart_flag_get
    wk_system.o(i.fputc) refers to at32f403a_407_usart.o(i.usart_data_transmit) for usart_data_transmit
    wk_system.o(i.wk_delay_ms) refers (Special) to use_no_semi_2.o(.text) for __use_no_semihosting
    wk_system.o(i.wk_delay_ms) refers to wk_system.o(i.wk_timebase_get) for wk_timebase_get
    wk_system.o(i.wk_timebase_get) refers (Special) to use_no_semi_2.o(.text) for __use_no_semihosting
    wk_system.o(i.wk_timebase_get) refers to wk_system.o(.data) for timebase_ticks
[...]
    i.bot_scsi_stall                         0x08000cc8   Section        0  msc_bot_scsi.o(i.bot_scsi_stall)
    i.bot_scsi_start_stop                    0x08000d12   Section        0  msc_bot_scsi.o(i.bot_scsi_start_stop)
    i.bot_scsi_test_unit                     0x08000d24   Section        0  msc_bot_scsi.o(i.bot_scsi_test_unit)
    i.bot_scsi_verify                        0x08000d56   Section        0  msc_bot_scsi.o(i.bot_scsi_verify)
    i.bot_scsi_write10                       0x08000dce   Section        0  msc_bot_scsi.o(i.bot_scsi_write10)
    i.class_clear_handler                    0x08000f40   Section        0  msc_class.o(i.class_clear_handler)
    class_clear_handler                      0x08000f41   Thumb Code    28  msc_class.o(i.class_clear_handler)
    i.class_ept0_rx_handler                  0x08000f5c   Section        0  msc_class.o(i.class_ept0_rx_handler)
    class_ept0_rx_handler                    0x08000f5d   Thumb Code    26  msc_class.o(i.class_ept0_rx_handler)
    i.class_ept0_tx_handler                  0x08000f76   Section        0  msc_class.o(i.class_ept0_tx_handler)
    class_ept0_tx_handler                    0x08000f77   Thumb Code     6  msc_class.o(i.class_ept0_tx_handler)
    i.class_event_handler                    0x08000f7c   Section        0  msc_class.o(i.class_event_handler)
    class_event_handler                      0x08000f7d   Thumb Code    30  msc_class.o(i.class_event_handler)
    i.class_in_handler                       0x08000f9a   Section        0  msc_class.o(i.class_in_handler)
    class_in_handler                         0x08000f9b   Thumb Code    20  msc_class.o(i.class_in_handler)
    i.class_init_handler                     0x08000fae   Section        0  msc_class.o(i.class_init_handler)
    class_init_handler                       0x08000faf   Thumb Code    42  msc_class.o(i.class_init_handler)
    i.class_out_handler                      0x08000fd8   Section        0  msc_class.o(i.class_out_handler)
    class_out_handler                        0x08000fd9   Thumb Code    20  msc_class.o(i.class_out_handler)
    i.class_setup_handler                    0x08000fec   Section        0  msc_class.o(i.class_setup_handler)
    class_setup_handler                      0x08000fed   Thumb Code   224  msc_class.o(i.class_setup_handler)
    i.class_sof_handler                      0x080010cc   Section        0  msc_class.o(i.class_sof_handler)
    class_sof_handler                        0x080010cd   Thumb Code     6  msc_class.o(i.class_sof_handler)
    i.crm_ahb_div_set                        0x080010d4   Section        0  at32f403a_407_crm.o(i.crm_ahb_div_set)
    i.crm_apb1_div_set                       0x080010e8   Section        0  at32f403a_407_crm.o(i.crm_apb1_div_set)
    i.crm_apb2_div_set                       0x080010fc   Section        0  at32f403a_407_crm.o(i.crm_apb2_div_set)
    i.crm_auto_step_mode_enable              0x08001110   Section        0  at32f403a_407_crm.o(i.crm_auto_step_mode_enable)
    i.crm_clock_source_enable                0x08001138   Section        0  at32f403a_407_crm.o(i.crm_clock_source_enable)
    i.crm_clocks_freq_get                    0x08001198   Section        0  at32f403a_407_crm.o(i.crm_clocks_freq_get)
    i.crm_flag_get                           0x080012c4   Section        0  at32f403a_407_crm.o(i.crm_flag_get)
    i.crm_hext_stable_wait                   0x080012f4   Section        0  at32f403a_407_crm.o(i.crm_hext_stable_wait)
    i.crm_hick_divider_select                0x08001324   Section        0  at32f403a_407_crm.o(i.crm_hick_divider_select)
    i.crm_hick_sclk_frequency_select         0x08001338   Section        0  at32f403a_407_crm.o(i.crm_hick_sclk_frequency_select)
    i.crm_periph_clock_enable                0x08001354   Section        0  at32f403a_407_crm.o(i.crm_periph_clock_enable)
    i.crm_pll_config                         0x08001398   Section        0  at32f403a_407_crm.o(i.crm_pll_config)
    i.crm_reset                              0x08001414   Section        0  at32f403a_407_crm.o(i.crm_reset)
    i.crm_sysclk_switch                      0x0800146c   Section        0  at32f403a_407_crm.o(i.crm_sysclk_switch)
    i.crm_sysclk_switch_status_get           0x080014a8   Section        0  at32f403a_407_crm.o(i.crm_sysclk_switch_status_get)
    i.crm_usb_clock_source_select            0x080014b8   Section        0  at32f403a_407_crm.o(i.crm_usb_clock_source_select)
    i.crm_usb_interrupt_remapping_set        0x080014d8   Section        0  at32f403a_407_crm.o(i.crm_usb_interrupt_remapping_set)
    i.fputc                                  0x080014ec   Section        0  wk_system.o(i.fputc)
    i.get_device_config_string               0x08001520   Section        0  msc_desc.o(i.get_device_config_string)
    get_device_config_string                 0x08001521   Thumb Code    22  msc_desc.o(i.get_device_config_string)
    i.get_device_configuration               0x08001554   Section        0  msc_desc.o(i.get_device_configuration)
    get_device_configuration                 0x08001555   Thumb Code     4  msc_desc.o(i.get_device_configuration)
    i.get_device_descriptor                  0x0800155c   Section        0  msc_desc.o(i.get_device_descriptor)
    get_device_descriptor                    0x0800155d   Thumb Code     4  msc_desc.o(i.get_device_descriptor)
    i.get_device_interface_string            0x08001564   Section        0  msc_desc.o(i.get_device_interface_string)
    get_device_interface_string              0x08001565   Thumb Code    22  msc_desc.o(i.get_device_interface_string)
    i.get_device_lang_id                     0x0800159c   Section        0  msc_desc.o(i.get_device_lang_id)
    get_device_lang_id                       0x0800159d   Thumb Code     4  msc_desc.o(i.get_device_lang_id)
    i.get_device_manufacturer_string         0x080015a4   Section        0  msc_desc.o(i.get_device_manufacturer_string)
    get_device_manufacturer_string           0x080015a5   Thumb Code    22  msc_desc.o(i.get_device_manufacturer_string)
    i.get_device_other_speed                 0x080015cc   Section        0  msc_desc.o(i.get_device_other_speed)
    get_device_other_speed                   0x080015cd   Thumb Code     4  msc_desc.o(i.get_device_other_speed)
    i.get_device_product_string              0x080015d0   Section        0  msc_desc.o(i.get_device_product_string)
    get_device_product_string                0x080015d1   Thumb Code    22  msc_desc.o(i.get_device_product_string)
    i.get_device_qualifier                   0x08001604   Section        0  msc_desc.o(i.get_device_qualifier)
    get_device_qualifier                     0x08001605   Thumb Code     4  msc_desc.o(i.get_device_qualifier)
    i.get_device_serial_string               0x08001608   Section        0  msc_desc.o(i.get_device_serial_string)
    get_device_serial_string                 0x08001609   Thumb Code    10  msc_desc.o(i.get_device_serial_string)
    i.get_inquiry                            0x08001618   Section        0  msc_diskio.o(i.get_inquiry)
    i.get_serial_num                         0x08001634   Section        0  msc_desc.o(i.get_serial_num)
    get_serial_num                           0x08001635   Thumb Code    42  msc_desc.o(i.get_serial_num)
    i.gpio_default_para_init                 0x08001668   Section        0  at32f403a_407_gpio.o(i.gpio_default_para_init)
    i.gpio_init                              0x0800167e   Section        0  at32f403a_407_gpio.o(i.gpio_init)
    i.gpio_pin_remap_config                  0x08001728   Section        0  at32f403a_407_gpio.o(i.gpio_pin_remap_config)
    i.main                                   0x08001774   Section        0  main.o(i.main)
    i.msc_disk_capacity                      0x080017bc   Section        0  msc_diskio.o(i.msc_disk_capacity)
    i.msc_disk_read                          0x080017d8   Section        0  msc_diskio.o(i.msc_disk_read)
    i.msc_disk_write                         0x080017fa   Section        0  msc_diskio.o(i.msc_disk_write)
    i.nvic_irq_enable                        0x0800181c   Section        0  at32f403a_407_misc.o(i.nvic_irq_enable)
    i.nvic_priority_group_config             0x080018e4   Section        0  at32f403a_407_misc.o(i.nvic_priority_group_config)
    i.sdio_bus_width_config                  0x0800190c   Section        0  at32f403a_407_sdio.o(i.sdio_bus_width_config)
    i.sdio_clock_bypass                      0x08001916   Section        0  at32f403a_407_sdio.o(i.sdio_clock_bypass)
    i.sdio_clock_config                      0x08001920   Section        0  at32f403a_407_sdio.o(i.sdio_clock_config)
    i.sdio_clock_enable                      0x0800193e   Section        0  at32f403a_407_sdio.o(i.sdio_clock_enable)
    i.sdio_flow_control_enable               0x08001948   Section        0  at32f403a_407_sdio.o(i.sdio_flow_control_enable)
    i.sdio_power_saving_mode_enable          0x08001952   Section        0  at32f403a_407_sdio.o(i.sdio_power_saving_mode_enable)
    i.sdio_power_set                         0x0800195c   Section        0  at32f403a_407_sdio.o(i.sdio_power_set)
    i.system_core_clock_update               0x08001968   Section        0  system_at32f403a_407.o(i.system_core_clock_update)
    i.systick_clock_source_config            0x08001a60   Section        0  at32f403a_407_misc.o(i.systick_clock_source_config)
    i.usart_data_transmit                    0x08001a88   Section        0  at32f403a_407_usart.o(i.usart_data_transmit)
    i.usart_enable                           0x08001a90   Section        0  at32f403a_407_usart.o(i.usart_enable)
    i.usart_flag_get                         0x08001a9a   Section        0  at32f403a_407_usart.o(i.usart_flag_get)
    i.usart_hardware_flow_control_set        0x08001aaa   Section        0  at32f403a_407_usart.o(i.usart_hardware_flow_control_set)
    i.usart_init                             0x08001b10   Section        0  at32f403a_407_usart.o(i.usart_init)
    i.usart_parity_selection_config          0x08001b98   Section        0  at32f403a_407_usart.o(i.usart_parity_selection_config)
    i.usart_receiver_enable                  0x08001be4   Section        0  at32f403a_407_usart.o(i.usart_receiver_enable)
    i.usart_transmitter_enable               0x08001bee   Section        0  at32f403a_407_usart.o(i.usart_transmitter_enable)
    i.usb_buffer_free                        0x08001bf8   Section        0  at32f403a_407_usb.o(i.usb_buffer_free)
    i.usb_buffer_malloc                      0x08001c04   Section        0  at32f403a_407_usb.o(i.usb_buffer_malloc)
    i.usb_connect                            0x08001c18   Section        0  at32f403a_407_usb.o(i.usb_connect)
    i.usb_dev_init                           0x08001c2a   Section        0  at32f403a_407_usb.o(i.usb_dev_init)
    i.usb_enter_suspend                      0x08001c4e   Section        0  at32f403a_407_usb.o(i.usb_enter_suspend)
    i.usb_ept_close                          0x08001c64   Section        0  at32f403a_407_usb.o(i.usb_ept_close)
    i.usb_ept_open                           0x08001ea0   Section        0  at32f403a_407_usb.o(i.usb_ept_open)
    i.usb_exit_suspend                       0x080023e4   Section        0  at32f403a_407_usb.o(i.usb_exit_suspend)
    i.usb_flag_clear                         0x080023f6   Section        0  at32f403a_407_usb.o(i.usb_flag_clear)
    i.usb_interrupt_enable                   0x080023fc   Section        0  at32f403a_407_usb.o(i.usb_interrupt_enable)
    i.usb_read_packet                        0x08002410   Section        0  at32f403a_407_usb.o(i.usb_read_packet)
    i.usb_set_address                        0x0800243c   Section        0  at32f403a_407_usb.o(i.usb_set_address)
    i.usb_write_packet                       0x08002450   Section        0  at32f403a_407_usb.o(i.usb_write_packet)
    i.usbd_clear_feature                     0x0800247c   Section        0  usbd_sdr.o(i.usbd_clear_feature)
    usbd_clear_feature                       0x0800247d   Thumb Code    84  usbd_sdr.o(i.usbd_clear_feature)
    i.usbd_clear_stall                       0x080024d0   Section        0  usbd_core.o(i.usbd_clear_stall)
    i.usbd_connect                           0x080025fc   Section        0  usbd_core.o(i.usbd_connect)
    i.usbd_core_in_handler                   0x08002608   Section        0  usbd_core.o(i.usbd_core_in_handler)
    i.usbd_core_init                         0x080026c2   Section        0  usbd_core.o(i.usbd_core_init)
    i.usbd_core_out_handler                  0x080026ee   Section        0  usbd_core.o(i.usbd_core_out_handler)
    i.usbd_core_setup_handler                0x08002766   Section        0  usbd_core.o(i.usbd_core_setup_handler)
    i.usbd_ctrl_recv_status                  0x080027ba   Section        0  usbd_core.o(i.usbd_ctrl_recv_status)
    i.usbd_ctrl_send                         0x080027d2   Section        0  usbd_core.o(i.usbd_ctrl_send)
    i.usbd_ctrl_send_status                  0x080027fa   Section        0  usbd_core.o(i.usbd_ctrl_send_status)
    i.usbd_ctrl_unsupport                    0x08002812   Section        0  usbd_core.o(i.usbd_ctrl_unsupport)
    i.usbd_device_request                    0x08002828   Section        0  usbd_sdr.o(i.usbd_device_request)
    i.usbd_endpoint_request                  0x080028a8   Section        0  usbd_sdr.o(i.usbd_endpoint_request)
    i.usbd_enter_suspend                     0x08002a26   Section        0  usbd_core.o(i.usbd_enter_suspend)
    i.usbd_ept_buf_auto_define               0x08002a32   Section        0  usbd_core.o(i.usbd_ept_buf_auto_define)
    i.usbd_ept_close                         0x08002a76   Section        0  usbd_core.o(i.usbd_ept_close)
    i.usbd_ept_defaut_init                   0x08002aa6   Section        0  usbd_core.o(i.usbd_ept_defaut_init)
    i.usbd_ept_loop_handler                  0x08002b6a   Section        0  usbd_int.o(i.usbd_ept_loop_handler)
    i.usbd_ept_open                          0x08002b90   Section        0  usbd_core.o(i.usbd_ept_open)
    i.usbd_ept_recv                          0x08002be8   Section        0  usbd_core.o(i.usbd_ept_recv)
    i.usbd_ept_send                          0x08002c5c   Section        0  usbd_core.o(i.usbd_ept_send)
    i.usbd_eptn_handler                      0x08002d7c   Section        0  usbd_int.o(i.usbd_eptn_handler)
    i.usbd_get_configuration                 0x08002f58   Section        0  usbd_sdr.o(i.usbd_get_configuration)
    usbd_get_configuration                   0x08002f59   Thumb Code    86  usbd_sdr.o(i.usbd_get_configuration)
    i.usbd_get_descriptor                    0x08002fae   Section        0  usbd_sdr.o(i.usbd_get_descriptor)
    usbd_get_descriptor                      0x08002faf   Thumb Code   284  usbd_sdr.o(i.usbd_get_descriptor)
    i.usbd_get_recv_len                      0x080030ca   Section        0  usbd_core.o(i.usbd_get_recv_len)
    i.usbd_get_status                        0x080030de   Section        0  usbd_sdr.o(i.usbd_get_status)
    usbd_get_status                          0x080030df   Thumb Code    68  usbd_sdr.o(i.usbd_get_status)
    i.usbd_int_to_unicode                    0x08003122   Section        0  msc_desc.o(i.usbd_int_to_unicode)
    usbd_int_to_unicode                      0x08003123   Thumb Code    62  msc_desc.o(i.usbd_int_to_unicode)
    i.usbd_interface_request                 0x08003160   Section        0  usbd_sdr.o(i.usbd_interface_request)
    i.usbd_irq_handler                       0x080031aa   Section        0  usbd_int.o(i.usbd_irq_handler)
    i.usbd_reset_handler                     0x08003246   Section        0  usbd_int.o(i.usbd_reset_handler)
    i.usbd_set_address                       0x0800328c   Section        0  usbd_sdr.o(i.usbd_set_address)
    usbd_set_address                         0x0800328d   Thumb Code    82  usbd_sdr.o(i.usbd_set_address)
    i.usbd_set_configuration                 0x080032e0   Section        0  usbd_sdr.o(i.usbd_set_configuration)
    usbd_set_configuration                   0x080032e1   Thumb Code   194  usbd_sdr.o(i.usbd_set_configuration)
    i.usbd_set_feature                       0x080033a8   Section        0  usbd_sdr.o(i.usbd_set_feature)
    usbd_set_feature                         0x080033a9   Thumb Code    50  usbd_sdr.o(i.usbd_set_feature)
    i.usbd_set_stall                         0x080033dc   Section        0  usbd_core.o(i.usbd_set_stall)
    i.usbd_setup_request_parse               0x08003464   Section        0  usbd_sdr.o(i.usbd_setup_request_parse)
    i.usbd_sof_handler                       0x0800348c   Section        0  usbd_int.o(i.usbd_sof_handler)
    i.usbd_suspend_handler                   0x080034a0   Section        0  usbd_int.o(i.usbd_suspend_handler)
    i.usbd_unicode_convert                   0x080034ca   Section        0  msc_desc.o(i.usbd_unicode_convert)
    usbd_unicode_convert                     0x080034cb   Thumb Code    60  msc_desc.o(i.usbd_unicode_convert)
    i.usbd_wakeup_handler                    0x08003506   Section        0  usbd_int.o(i.usbd_wakeup_handler)
    i.wk_acc_init                            0x0800352a   Section        0  wk_acc.o(i.wk_acc_init)
    i.wk_debug_config                        0x08003550   Section        0  wk_debug.o(i.wk_debug_config)
    i.wk_nvic_config                         0x08003574   Section        0  at32f403a_407_wk_config.o(i.wk_nvic_config)
    i.wk_periph_clock_config                 0x08003640   Section        0  at32f403a_407_wk_config.o(i.wk_periph_clock_config)
    i.wk_sdio2_init                          0x080036a4   Section        0  wk_sdio.o(i.wk_sdio2_init)
    i.wk_system_clock_config                 0x080037d8   Section        0  at32f403a_407_wk_config.o(i.wk_system_clock_config)
    i.wk_timebase_handler                    0x08003870   Section        0  wk_system.o(i.wk_timebase_handler)
    i.wk_timebase_increase                   0x08003878   Section        0  wk_system.o(i.wk_timebase_increase)
    i.wk_timebase_init                       0x08003888   Section        0  wk_system.o(i.wk_timebase_init)
    i.wk_usart1_init                         0x080038c0   Section        0  wk_usart.o(i.wk_usart1_init)
    i.wk_usb_app_init                        0x08003950   Section        0  usb_app.o(i.wk_usb_app_init)
    i.wk_usb_app_task                        0x0800397c   Section        0  usb_app.o(i.wk_usb_app_task)
    i.wk_usbfs_init                          0x0800397e   Section        0  wk_usbfs.o(i.wk_usbfs_init)
    i.wk_usbfs_irq_handler                   0x08003990   Section        0  usb_app.o(i.wk_usbfs_irq_handler)
    x$fpl$fpinit                             0x080039a0   Section       10  fpinit.o(x$fpl$fpinit)
    $v0                                      0x080039a0   Number         0  fpinit.o(x$fpl$fpinit)
    .constdata                               0x080039aa   Section       40  at32f403a_407_crm.o(.constdata)
    sclk_ahb_div_table                       0x080039aa   Data          16  at32f403a_407_crm.o(.constdata)
    ahb_apb1_div_table                       0x080039ba   Data           8  at32f403a_407_crm.o(.constdata)
    ahb_apb2_div_table                       0x080039c2   Data           8  at32f403a_407_crm.o(.constdata)
    adc_div_table                            0x080039ca   Data           8  at32f403a_407_crm.o(.constdata)
    .constdata                               0x080039d2   Section       16  system_at32f403a_407.o(.constdata)
    sys_ahb_div_table                        0x080039d2   Data          16  system_at32f403a_407.o(.constdata)
    .data                                    0x20000000   Section        8  wk_system.o(.data)
    .data                                    0x20000008   Section        6  at32f403a_407_usb.o(.data)
    g_usb_offset_addr                        0x2000000c   Data           2  at32f403a_407_usb.o(.data)
    .data                                    0x20000010   Section        4  system_at32f403a_407.o(.data)
    .data                                    0x20000014   Section       36  msc_diskio.o(.data)
    .data                                    0x20000038   Section       40  msc_class.o(.data)
    .data                                    0x20000060   Section      164  msc_desc.o(.data)
    g_usbd_descriptor                        0x20000088   Data          18  msc_desc.o(.data)
    g_usbd_configuration                     0x2000009c   Data          32  msc_desc.o(.data)
    g_string_lang_id                         0x200000bc   Data           4  msc_desc.o(.data)
    g_string_serial                          0x200000c0   Data          26  msc_desc.o(.data)
    device_descriptor                        0x200000dc   Data           8  msc_desc.o(.data)
    config_descriptor                        0x200000e4   Data           8  msc_desc.o(.data)
    langid_descriptor                        0x200000ec   Data           8  msc_desc.o(.data)
    serial_descriptor                        0x200000f4   Data           8  msc_desc.o(.data)
    vp_desc                                  0x200000fc   Data           8  msc_desc.o(.data)
    .data                                    0x20000104   Section       48  msc_bot_scsi.o(.data)
    .data                                    0x20000134   Section        1  usbd_sdr.o(.data)
    config_value                             0x20000134   Data           1  usbd_sdr.o(.data)
    .bss                                     0x20000138   Section      556  usb_app.o(.bss)
    .bss                                     0x20000368   Section     4184  msc_class.o(.bss)
    .bss                                     0x200013c0   Section      256  msc_desc.o(.bss)
    g_usbd_desc_buffer                       0x200013c0   Data         256  msc_desc.o(.bss)
    .bss                                     0x200014c0   Section       96  libspace.o(.bss)
    HEAP                                     0x20001520   Section      512  startup_at32f403a_407.o(HEAP)
    Heap_Mem                                 0x20001520   Data         512  startup_at32f403a_407.o(HEAP)
    STACK                                    0x20001720   Section     1024  startup_at32f403a_407.o(STACK)
    Stack_Mem                                0x20001720   Data        1024  startup_at32f403a_407.o(STACK)
    __initial_sp                             0x20001b20   Data           0  startup_at32f403a_407.o(STACK)

    Global Symbols

    Symbol Name                              Value     Ov Type        Size  Object(Section)

    BuildAttributes$$THM_ISAv4$E$P$D$K$B$S$7EM$VFPi3$EXTD16$VFPS$VFMA$PE$A:L22UL41UL21$X:L11$S22US41US21$IEEE1$IW$USESV6$~STKCKD$USESV7$~SHL$OSPACE$ROPI$EBA8$UX$STANDARDLIB$REQ8$PRES8$EABIv2 0x00000000   Number         0  anon$$obj.o ABSOLUTE
    __ARM_use_no_argv                        0x00000000   Number         0  main.o ABSOLUTE
    __ARM_exceptions_init                     - Undefined Weak Reference
    __alloca_initialize                       - Undefined Weak Reference
    __arm_preinit_                            - Undefined Weak Reference
    __cpp_initialize__aeabi_                  - Undefined Weak Reference
    __cxa_finalize                            - Undefined Weak Reference
    __rt_locale                               - Undefined Weak Reference
    __sigvec_lookup                           - Undefined Weak Reference
    _atexit_init                              - Undefined Weak Reference
    _call_atexit_fns                          - Undefined Weak Reference
    _clock_init                               - Undefined Weak Reference
    _fp_trap_init                             - Undefined Weak Reference
    _fp_trap_shutdown                         - Undefined Weak Reference
    _get_lc_collate                           - Undefined Weak Reference
    _get_lc_ctype                             - Undefined Weak Reference
    _get_lc_monetary                          - Undefined Weak Reference
    _get_lc_numeric                           - Undefined Weak Reference
    _get_lc_time                              - Undefined Weak Reference
    _getenv_init                              - Undefined Weak Reference
    _handle_redirection                       - Undefined Weak Reference
    _init_alloc                               - Undefined Weak Reference
    _init_user_alloc                          - Undefined Weak Reference
    _initio                                   - Undefined Weak Reference
    _mutex_acquire                            - Undefined Weak Reference
    _mutex_release                            - Undefined Weak Reference
    _rand_init                                - Undefined Weak Reference
    _signal_finish                            - Undefined Weak Reference
    _signal_init                              - Undefined Weak Reference
    _terminate_alloc                          - Undefined Weak Reference
    _terminate_user_alloc                     - Undefined Weak Reference
    _terminateio                              - Undefined Weak Reference
    __Vectors_Size                           0x00000184   Number         0  startup_at32f403a_407.o ABSOLUTE
    __Vectors                                0x08000000   Data           4  startup_at32f403a_407.o(RESET)
    __Vectors_End                            0x08000184   Data           0  startup_at32f403a_407.o(RESET)
    __main                                   0x08000185   Thumb Code     8  __main.o(!!!main)
    __scatterload                            0x0800018d   Thumb Code     0  __scatter.o(!!!scatter)
    __scatterload_rt2                        0x0800018d   Thumb Code    44  __scatter.o(!!!scatter)
    __scatterload_rt2_thumb_only             0x0800018d   Thumb Code     0  __scatter.o(!!!scatter)
    __scatterload_null                       0x0800019b   Thumb Code     0  __scatter.o(!!!scatter)
    __decompress                             0x080001c1   Thumb Code    90  __dczerorl2.o(!!dczerorl2)
    __decompress1                            0x080001c1   Thumb Code     0  __dczerorl2.o(!!dczerorl2)
    __scatterload_zeroinit                   0x0800021d   Thumb Code    28  __scatter_zi.o(!!handler_zi)
    __rt_lib_init                            0x08000239   Thumb Code     0  libinit.o(.ARM.Collect$$libinit$$00000000)
    __rt_lib_init_fp_1                       0x0800023b   Thumb Code     0  libinit2.o(.ARM.Collect$$libinit$$00000001)
    __rt_lib_init_alloca_1                   0x0800023f   Thumb Code     0  libinit2.o(.ARM.Collect$$libinit$$0000002E)
    __rt_lib_init_argv_1                     0x0800023f   Thumb Code     0  libinit2.o(.ARM.Collect$$libinit$$0000002C)
    __rt_lib_init_atexit_1                   0x0800023f   Thumb Code     0  libinit2.o(.ARM.Collect$$libinit$$0000001B)
    __rt_lib_init_clock_1                    0x0800023f   Thumb Code     0  libinit2.o(.ARM.Collect$$libinit$$00000021)
    __rt_lib_init_cpp_1                      0x0800023f   Thumb Code     0  libinit2.o(.ARM.Collect$$libinit$$00000032)
    __rt_lib_init_exceptions_1               0x0800023f   Thumb Code     0  libinit2.o(.ARM.Collect$$libinit$$00000030)
    __rt_lib_init_fp_trap_1                  0x0800023f   Thumb Code     0  libinit2.o(.ARM.Collect$$libinit$$0000001F)
    __rt_lib_init_getenv_1                   0x0800023f   Thumb Code     0  libinit2.o(.ARM.Collect$$libinit$$00000023)
    __rt_lib_init_heap_1                     0x0800023f   Thumb Code     0  libinit2.o(.ARM.Collect$$libinit$$0000000A)
    __rt_lib_init_lc_collate_1               0x0800023f   Thumb Code     0  libinit2.o(.ARM.Collect$$libinit$$00000011)
    __rt_lib_init_lc_ctype_1                 0x0800023f   Thumb Code     0  libinit2.o(.ARM.Collect$$libinit$$00000013)
    __rt_lib_init_lc_monetary_1              0x0800023f   Thumb Code     0  libinit2.o(.ARM.Collect$$libinit$$00000015)
    __rt_lib_init_lc_numeric_1               0x0800023f   Thumb Code     0  libinit2.o(.ARM.Collect$$libinit$$00000017)
    __rt_lib_init_lc_time_1                  0x0800023f   Thumb Code     0  libinit2.o(.ARM.Collect$$libinit$$00000019)
    __rt_lib_init_preinit_1                  0x0800023f   Thumb Code     0  libinit2.o(.ARM.Collect$$libinit$$00000004)
    __rt_lib_init_rand_1                     0x0800023f   Thumb Code     0  libinit2.o(.ARM.Collect$$libinit$$0000000E)
    __rt_lib_init_return                     0x0800023f   Thumb Code     0  libinit2.o(.ARM.Collect$$libinit$$00000033)
    __rt_lib_init_signal_1                   0x0800023f   Thumb Code     0  libinit2.o(.ARM.Collect$$libinit$$0000001D)
    __rt_lib_init_stdio_1                    0x0800023f   Thumb Code     0  libinit2.o(.ARM.Collect$$libinit$$00000025)
    __rt_lib_init_user_alloc_1               0x0800023f   Thumb Code     0  libinit2.o(.ARM.Collect$$libinit$$0000000C)
    __rt_lib_shutdown                        0x08000241   Thumb Code     0  libshutdown.o(.ARM.Collect$$libshutdown$$00000000)
    __rt_lib_shutdown_cpp_1                  0x08000243   Thumb Code     0  libshutdown2.o(.ARM.Collect$$libshutdown$$00000002)
    __rt_lib_shutdown_fp_trap_1              0x08000243   Thumb Code     0  libshutdown2.o(.ARM.Collect$$libshutdown$$00000007)
    __rt_lib_shutdown_heap_1                 0x08000243   Thumb Code     0  libshutdown2.o(.ARM.Collect$$libshutdown$$0000000F)
    __rt_lib_shutdown_return                 0x08000243   Thumb Code     0  libshutdown2.o(.ARM.Collect$$libshutdown$$00000010)
    __rt_lib_shutdown_signal_1               0x08000243   Thumb Code     0  libshutdown2.o(.ARM.Collect$$libshutdown$$0000000A)
    __rt_lib_shutdown_stdio_1                0x08000243   Thumb Code     0  libshutdown2.o(.ARM.Collect$$libshutdown$$00000004)
    __rt_lib_shutdown_user_alloc_1           0x08000243   Thumb Code     0  libshutdown2.o(.ARM.Collect$$libshutdown$$0000000C)
    __rt_entry                               0x08000245   Thumb Code     0  __rtentry.o(.ARM.Collect$$rtentry$$00000000)
    __rt_entry_presh_1                       0x08000245   Thumb Code     0  __rtentry2.o(.ARM.Collect$$rtentry$$00000002)
    __rt_entry_sh                            0x08000245   Thumb Code     0  __rtentry4.o(.ARM.Collect$$rtentry$$00000004)
    __rt_entry_li                            0x0800024b   Thumb Code     0  __rtentry2.o(.ARM.Collect$$rtentry$$0000000A)
    __rt_entry_postsh_1                      0x0800024b   Thumb Code     0  __rtentry2.o(.ARM.Collect$$rtentry$$00000009)
    __rt_entry_main                          0x0800024f   Thumb Code     0  __rtentry2.o(.ARM.Collect$$rtentry$$0000000D)
    __rt_entry_postli_1                      0x0800024f   Thumb Code     0  __rtentry2.o(.ARM.Collect$$rtentry$$0000000C)
    __rt_exit                                0x08000257   Thumb Code     0  rtexit.o(.ARM.Collect$$rtexit$$00000000)
    __rt_exit_ls                             0x08000259   Thumb Code     0  rtexit2.o(.ARM.Collect$$rtexit$$00000003)
    __rt_exit_prels_1                        0x08000259   Thumb Code     0  rtexit2.o(.ARM.Collect$$rtexit$$00000002)
    __rt_exit_exit                           0x0800025d   Thumb Code     0  rtexit2.o(.ARM.Collect$$rtexit$$00000004)
    Reset_Handler                            0x08000265   Thumb Code     8  startup_at32f403a_407.o(.text)
    ACC_IRQHandler                           0x0800027f   Thumb Code     0  startup_at32f403a_407.o(.text)
    ADC1_2_IRQHandler                        0x0800027f   Thumb Code     0  startup_at32f403a_407.o(.text)
    ADC3_IRQHandler                          0x0800027f   Thumb Code     0  startup_at32f403a_407.o(.text)
    CAN1_RX1_IRQHandler                      0x0800027f   Thumb Code     0  startup_at32f403a_407.o(.text)
    CAN1_SE_IRQHandler                       0x0800027f   Thumb Code     0  startup_at32f403a_407.o(.text)
    CAN2_RX0_IRQHandler                      0x0800027f   Thumb Code     0  startup_at32f403a_407.o(.text)
    CAN2_RX1_IRQHandler                      0x0800027f   Thumb Code     0  startup_at32f403a_407.o(.text)
    CAN2_SE_IRQHandler                       0x0800027f   Thumb Code     0  startup_at32f403a_407.o(.text)
    CAN2_TX_IRQHandler                       0x0800027f   Thumb Code     0  startup_at32f403a_407.o(.text)
    CRM_IRQHandler                           0x0800027f   Thumb Code     0  startup_at32f403a_407.o(.text)
    DMA1_Channel1_IRQHandler                 0x0800027f   Thumb Code     0  startup_at32f403a_407.o(.text)
    DMA1_Channel2_IRQHandler                 0x0800027f   Thumb Code     0  startup_at32f403a_407.o(.text)
    DMA1_Channel3_IRQHandler                 0x0800027f   Thumb Code     0  startup_at32f403a_407.o(.text)
    DMA1_Channel4_IRQHandler                 0x0800027f   Thumb Code     0  startup_at32f403a_407.o(.text)
    DMA1_Channel5_IRQHandler                 0x0800027f   Thumb Code     0  startup_at32f403a_407.o(.text)
    DMA1_Channel6_IRQHandler                 0x0800027f   Thumb Code     0  startup_at32f403a_407.o(.text)
    DMA1_Channel7_IRQHandler                 0x0800027f   Thumb Code     0  startup_at32f403a_407.o(.text)
    DMA2_Channel1_IRQHandler                 0x0800027f   Thumb Code     0  startup_at32f403a_407.o(.text)
    DMA2_Channel2_IRQHandler                 0x0800027f   Thumb Code     0  startup_at32f403a_407.o(.text)
    DMA2_Channel3_IRQHandler                 0x0800027f   Thumb Code     0  startup_at32f403a_407.o(.text)
    DMA2_Channel4_5_IRQHandler               0x0800027f   Thumb Code     0  startup_at32f403a_407.o(.text)
    DMA2_Channel6_7_IRQHandler               0x0800027f   Thumb Code     0  startup_at32f403a_407.o(.text)
    EMAC_IRQHandler                          0x0800027f   Thumb Code     0  startup_at32f403a_407.o(.text)
    EMAC_WKUP_IRQHandler                     0x0800027f   Thumb Code     0  startup_at32f403a_407.o(.text)
    EXINT0_IRQHandler                        0x0800027f   Thumb Code     0  startup_at32f403a_407.o(.text)
    EXINT15_10_IRQHandler                    0x0800027f   Thumb Code     0  startup_at32f403a_407.o(.text)
    EXINT1_IRQHandler                        0x0800027f   Thumb Code     0  startup_at32f403a_407.o(.text)
    EXINT2_IRQHandler                        0x0800027f   Thumb Code     0  startup_at32f403a_407.o(.text)
    EXINT3_IRQHandler                        0x0800027f   Thumb Code     0  startup_at32f403a_407.o(.text)
    EXINT4_IRQHandler                        0x0800027f   Thumb Code     0  startup_at32f403a_407.o(.text)
    EXINT9_5_IRQHandler                      0x0800027f   Thumb Code     0  startup_at32f403a_407.o(.text)
    FLASH_IRQHandler                         0x0800027f   Thumb Code     0  startup_at32f403a_407.o(.text)
    I2C1_ERR_IRQHandler                      0x0800027f   Thumb Code     0  startup_at32f403a_407.o(.text)
    I2C1_EVT_IRQHandler                      0x0800027f   Thumb Code     0  startup_at32f403a_407.o(.text)
    I2C2_ERR_IRQHandler                      0x0800027f   Thumb Code     0  startup_at32f403a_407.o(.text)
    I2C2_EVT_IRQHandler                      0x0800027f   Thumb Code     0  startup_at32f403a_407.o(.text)
    I2C3_ERR_IRQHandler                      0x0800027f   Thumb Code     0  startup_at32f403a_407.o(.text)
    I2C3_EVT_IRQHandler                      0x0800027f   Thumb Code     0  startup_at32f403a_407.o(.text)
    PVM_IRQHandler                           0x0800027f   Thumb Code     0  startup_at32f403a_407.o(.text)
    RTCAlarm_IRQHandler                      0x0800027f   Thumb Code     0  startup_at32f403a_407.o(.text)
    RTC_IRQHandler                           0x0800027f   Thumb Code     0  startup_at32f403a_407.o(.text)
    SDIO1_IRQHandler                         0x0800027f   Thumb Code     0  startup_at32f403a_407.o(.text)
    SDIO2_IRQHandler                         0x0800027f   Thumb Code     0  startup_at32f403a_407.o(.text)
    SPI1_IRQHandler                          0x0800027f   Thumb Code     0  startup_at32f403a_407.o(.text)
    SPI2_I2S2EXT_IRQHandler                  0x0800027f   Thumb Code     0  startup_at32f403a_407.o(.text)
    SPI3_I2S3EXT_IRQHandler                  0x0800027f   Thumb Code     0  startup_at32f403a_407.o(.text)
    SPI4_IRQHandler                          0x0800027f   Thumb Code     0  startup_at32f403a_407.o(.text)
    TAMPER_IRQHandler                        0x0800027f   Thumb Code     0  startup_at32f403a_407.o(.text)
    TMR1_BRK_TMR9_IRQHandler                 0x0800027f   Thumb Code     0  startup_at32f403a_407.o(.text)
    TMR1_CH_IRQHandler                       0x0800027f   Thumb Code     0  startup_at32f403a_407.o(.text)
    TMR1_OVF_TMR10_IRQHandler                0x0800027f   Thumb Code     0  startup_at32f403a_407.o(.text)
    TMR1_TRG_HALL_TMR11_IRQHandler           0x0800027f   Thumb Code     0  startup_at32f403a_407.o(.text)
    TMR2_GLOBAL_IRQHandler                   0x0800027f   Thumb Code     0  startup_at32f403a_407.o(.text)
    TMR3_GLOBAL_IRQHandler                   0x0800027f   Thumb Code     0  startup_at32f403a_407.o(.text)
    TMR4_GLOBAL_IRQHandler                   0x0800027f   Thumb Code     0  startup_at32f403a_407.o(.text)
    TMR5_GLOBAL_IRQHandler                   0x0800027f   Thumb Code     0  startup_at32f403a_407.o(.text)
    TMR6_GLOBAL_IRQHandler                   0x0800027f   Thumb Code     0  startup_at32f403a_407.o(.text)
    TMR7_GLOBAL_IRQHandler                   0x0800027f   Thumb Code     0  startup_at32f403a_407.o(.text)
    TMR8_BRK_TMR12_IRQHandler                0x0800027f   Thumb Code     0  startup_at32f403a_407.o(.text)
    TMR8_CH_IRQHandler                       0x0800027f   Thumb Code     0  startup_at32f403a_407.o(.text)
    TMR8_OVF_TMR13_IRQHandler                0x0800027f   Thumb Code     0  startup_at32f403a_407.o(.text)
    TMR8_TRG_HALL_TMR14_IRQHandler           0x0800027f   Thumb Code     0  startup_at32f403a_407.o(.text)
    UART4_IRQHandler                         0x0800027f   Thumb Code     0  startup_at32f403a_407.o(.text)
    UART5_IRQHandler                         0x0800027f   Thumb Code     0  startup_at32f403a_407.o(.text)
    UART7_IRQHandler                         0x0800027f   Thumb Code     0  startup_at32f403a_407.o(.text)
    UART8_IRQHandler                         0x0800027f   Thumb Code     0  startup_at32f403a_407.o(.text)
    USART1_IRQHandler                        0x0800027f   Thumb Code     0  startup_at32f403a_407.o(.text)
    USART2_IRQHandler                        0x0800027f   Thumb Code     0  startup_at32f403a_407.o(.text)
    USART3_IRQHandler                        0x0800027f   Thumb Code     0  startup_at32f403a_407.o(.text)
    USART6_IRQHandler                        0x0800027f   Thumb Code     0  startup_at32f403a_407.o(.text)
    USBFSWakeUp_IRQHandler                   0x0800027f   Thumb Code     0  startup_at32f403a_407.o(.text)
    USBFS_H_CAN1_TX_IRQHandler               0x0800027f   Thumb Code     0  startup_at32f403a_407.o(.text)
    USBFS_L_CAN1_RX0_IRQHandler              0x0800027f   Thumb Code     0  startup_at32f403a_407.o(.text)
    USBFS_MAPH_IRQHandler                    0x0800027f   Thumb Code     0  startup_at32f403a_407.o(.text)
    WWDT_IRQHandler                          0x0800027f   Thumb Code     0  startup_at32f403a_407.o(.text)
    XMC_IRQHandler                           0x0800027f   Thumb Code     0  startup_at32f403a_407.o(.text)
    __user_initial_stackheap                 0x08000281   Thumb Code     0  startup_at32f403a_407.o(.text)
    __use_no_semihosting                     0x080002a5   Thumb Code     2  use_no_semi_2.o(.text)
    __2printf                                0x080002a9   Thumb Code    20  noretval__2printf.o(.text)
    __use_two_region_memory                  0x080002c1   Thumb Code     2  heapauxi.o(.text)
    __rt_heap_escrow$2region                 0x080002c3   Thumb Code     2  heapauxi.o(.text)
    __rt_heap_expand$2region                 0x080002c5   Thumb Code     2  heapauxi.o(.text)
    __I$use$semihosting                      0x080002c7   Thumb Code     0  use_no_semi.o(.text)
    __use_no_semihosting_swi                 0x080002c7   Thumb Code     2  use_no_semi.o(.text)
    _printf_char_file                        0x080002c9   Thumb Code    32  _printf_char_file.o(.text)
    _printf_char_common                      0x080002f7   Thumb Code    32  _printf_char_common.o(.text)
    ferror                                   0x0800031d   Thumb Code     8  ferror.o(.text)
    __user_setup_stackheap                   0x08000325   Thumb Code    74  sys_stackheap_outer.o(.text)
    __printf                                 0x0800036f   Thumb Code    40  __printf_nopercent.o(.text)
    exit                                     0x08000397   Thumb Code    18  exit.o(.text)
    __user_libspace                          0x080003a9   Thumb Code     8  libspace.o(.text)
    __user_perproc_libspace                  0x080003a9   Thumb Code     0  libspace.o(.text)
    __user_perthread_libspace                0x080003a9   Thumb Code     0  libspace.o(.text)
    BusFault_Handler                         0x080003b1   Thumb Code     4  at32f403a_407_int.o(i.BusFault_Handler)
    DebugMon_Handler                         0x080003b5   Thumb Code     2  at32f403a_407_int.o(i.DebugMon_Handler)
    HardFault_Handler                        0x080003b7   Thumb Code     4  at32f403a_407_int.o(i.HardFault_Handler)
    MemManage_Handler                        0x080003bb   Thumb Code     4  at32f403a_407_int.o(i.MemManage_Handler)
    NMI_Handler                              0x080003bf   Thumb Code     2  at32f403a_407_int.o(i.NMI_Handler)
    PendSV_Handler                           0x08000401   Thumb Code     2  at32f403a_407_int.o(i.PendSV_Handler)
    SVC_Handler                              0x08000403   Thumb Code     2  at32f403a_407_int.o(i.SVC_Handler)
    SysTick_Handler                          0x08000405   Thumb Code     8  at32f403a_407_int.o(i.SysTick_Handler)
    SystemInit                               0x0800040d   Thumb Code   100  system_at32f403a_407.o(i.SystemInit)
    USBFS_MAPL_IRQHandler                    0x0800047d   Thumb Code     8  at32f403a_407_int.o(i.USBFS_MAPL_IRQHandler)
    UsageFault_Handler                       0x08000485   Thumb Code     4  at32f403a_407_int.o(i.UsageFault_Handler)
    _sys_exit                                0x080004c1   Thumb Code     2  wk_system.o(i._sys_exit)
    acc_calibration_mode_enable              0x080004c5   Thumb Code    44  at32f403a_407_acc.o(i.acc_calibration_mode_enable)
    acc_write_c1                             0x080004f5   Thumb Code     6  at32f403a_407_acc.o(i.acc_write_c1)
    acc_write_c2                             0x08000501   Thumb Code     6  at32f403a_407_acc.o(i.acc_write_c2)
    acc_write_c3                             0x0800050d   Thumb Code     6  at32f403a_407_acc.o(i.acc_write_c3)
    bot_cbw_decode                           0x08000519   Thumb Code   190  msc_bot_scsi.o(i.bot_cbw_decode)
    bot_scsi_allow_medium_removal            0x080005dd   Thumb Code    18  msc_bot_scsi.o(i.bot_scsi_allow_medium_removal)
    bot_scsi_capacity                        0x080005ef   Thumb Code   150  msc_bot_scsi.o(i.bot_scsi_capacity)
    bot_scsi_check_address                   0x08000685   Thumb Code    56  msc_bot_scsi.o(i.bot_scsi_check_address)
    bot_scsi_clear_feature                   0x080006bd   Thumb Code    60  msc_bot_scsi.o(i.bot_scsi_clear_feature)
    bot_scsi_cmd_process                     0x080006f9   Thumb Code   326  msc_bot_scsi.o(i.bot_scsi_cmd_process)
    bot_scsi_datain_handler                  0x0800083f   Thumb Code    68  msc_bot_scsi.o(i.bot_scsi_datain_handler)
    bot_scsi_dataout_handler                 0x08000883   Thumb Code    56  msc_bot_scsi.o(i.bot_scsi_dataout_handler)
    bot_scsi_format_capacity                 0x080008bb   Thumb Code   154  msc_bot_scsi.o(i.bot_scsi_format_capacity)
    bot_scsi_init                            0x08000955   Thumb Code    74  msc_bot_scsi.o(i.bot_scsi_init)
    bot_scsi_inquiry                         0x080009a5   Thumb Code    96  msc_bot_scsi.o(i.bot_scsi_inquiry)
    bot_scsi_mode_sense10                    0x08000a09   Thumb Code    42  msc_bot_scsi.o(i.bot_scsi_mode_sense10)
    bot_scsi_mode_sense6                     0x08000a39   Thumb Code    42  msc_bot_scsi.o(i.bot_scsi_mode_sense6)
    bot_scsi_read10                          0x08000a69   Thumb Code   318  msc_bot_scsi.o(i.bot_scsi_read10)
    bot_scsi_request_sense                   0x08000ba9   Thumb Code    64  msc_bot_scsi.o(i.bot_scsi_request_sense)
    bot_scsi_reset                           0x08000bed   Thumb Code    40  msc_bot_scsi.o(i.bot_scsi_reset)
    bot_scsi_send_csw                        0x08000c15   Thumb Code    70  msc_bot_scsi.o(i.bot_scsi_send_csw)
    bot_scsi_send_data                       0x08000c61   Thumb Code    92  msc_bot_scsi.o(i.bot_scsi_send_data)
    bot_scsi_sense_code                      0x08000cbd   Thumb Code     8  msc_bot_scsi.o(i.bot_scsi_sense_code)
    bot_scsi_stall                           0x08000cc9   Thumb Code    74  msc_bot_scsi.o(i.bot_scsi_stall)
    bot_scsi_start_stop                      0x08000d13   Thumb Code    18  msc_bot_scsi.o(i.bot_scsi_start_stop)
    bot_scsi_test_unit                       0x08000d25   Thumb Code    50  msc_bot_scsi.o(i.bot_scsi_test_unit)
    bot_scsi_verify                          0x08000d57   Thumb Code   120  msc_bot_scsi.o(i.bot_scsi_verify)
    bot_scsi_write10                         0x08000dcf   Thumb Code   370  msc_bot_scsi.o(i.bot_scsi_write10)
    crm_ahb_div_set                          0x080010d5   Thumb Code    14  at32f403a_407_crm.o(i.crm_ahb_div_set)
    crm_apb1_div_set                         0x080010e9   Thumb Code    14  at32f403a_407_crm.o(i.crm_apb1_div_set)
    crm_apb2_div_set                         0x080010fd   Thumb Code    14  at32f403a_407_crm.o(i.crm_apb2_div_set)
    crm_auto_step_mode_enable                0x08001111   Thumb Code    34  at32f403a_407_crm.o(i.crm_auto_step_mode_enable)
    crm_clock_source_enable                  0x08001139   Thumb Code    90  at32f403a_407_crm.o(i.crm_clock_source_enable)
    crm_clocks_freq_get                      0x08001199   Thumb Code   268  at32f403a_407_crm.o(i.crm_clocks_freq_get)
    crm_flag_get                             0x080012c5   Thumb Code    42  at32f403a_407_crm.o(i.crm_flag_get)
    crm_hext_stable_wait                     0x080012f5   Thumb Code    46  at32f403a_407_crm.o(i.crm_hext_stable_wait)
    crm_hick_divider_select                  0x08001325   Thumb Code    14  at32f403a_407_crm.o(i.crm_hick_divider_select)
    crm_hick_sclk_frequency_select           0x08001339   Thumb Code    24  at32f403a_407_crm.o(i.crm_hick_sclk_frequency_select)
    crm_periph_clock_enable                  0x08001355   Thumb Code    62  at32f403a_407_crm.o(i.crm_periph_clock_enable)
    crm_pll_config                           0x08001399   Thumb Code   118  at32f403a_407_crm.o(i.crm_pll_config)
    crm_reset                                0x08001415   Thumb Code    80  at32f403a_407_crm.o(i.crm_reset)
    crm_sysclk_switch                        0x0800146d   Thumb Code    54  at32f403a_407_crm.o(i.crm_sysclk_switch)
    crm_sysclk_switch_status_get             0x080014a9   Thumb Code    10  at32f403a_407_crm.o(i.crm_sysclk_switch_status_get)
    crm_usb_clock_source_select              0x080014b9   Thumb Code    26  at32f403a_407_crm.o(i.crm_usb_clock_source_select)
    crm_usb_interrupt_remapping_set          0x080014d9   Thumb Code    14  at32f403a_407_crm.o(i.crm_usb_interrupt_remapping_set)
    fputc                                    0x080014ed   Thumb Code    46  wk_system.o(i.fputc)
    get_inquiry                              0x08001619   Thumb Code    22  msc_diskio.o(i.get_inquiry)
    gpio_default_para_init                   0x08001669   Thumb Code    22  at32f403a_407_gpio.o(i.gpio_default_para_init)
    gpio_init                                0x0800167f   Thumb Code   168  at32f403a_407_gpio.o(i.gpio_init)
    gpio_pin_remap_config                    0x08001729   Thumb Code    70  at32f403a_407_gpio.o(i.gpio_pin_remap_config)
    main                                     0x08001775   Thumb Code    54  main.o(i.main)
    msc_disk_capacity                        0x080017bd   Thumb Code    28  msc_diskio.o(i.msc_disk_capacity)
    msc_disk_read                            0x080017d9   Thumb Code    34  msc_diskio.o(i.msc_disk_read)
    msc_disk_write                           0x080017fb   Thumb Code    34  msc_diskio.o(i.msc_disk_write)
    nvic_irq_enable                          0x0800181d   Thumb Code   190  at32f403a_407_misc.o(i.nvic_irq_enable)
    nvic_priority_group_config               0x080018e5   Thumb Code    32  at32f403a_407_misc.o(i.nvic_priority_group_config)
    sdio_bus_width_config                    0x0800190d   Thumb Code    10  at32f403a_407_sdio.o(i.sdio_bus_width_config)
    sdio_clock_bypass                        0x08001917   Thumb Code    10  at32f403a_407_sdio.o(i.sdio_clock_bypass)
    sdio_clock_config                        0x08001921   Thumb Code    30  at32f403a_407_sdio.o(i.sdio_clock_config)
    sdio_clock_enable                        0x0800193f   Thumb Code    10  at32f403a_407_sdio.o(i.sdio_clock_enable)
    sdio_flow_control_enable                 0x08001949   Thumb Code    10  at32f403a_407_sdio.o(i.sdio_flow_control_enable)
    sdio_power_saving_mode_enable            0x08001953   Thumb Code    10  at32f403a_407_sdio.o(i.sdio_power_saving_mode_enable)
    sdio_power_set                           0x0800195d   Thumb Code    10  at32f403a_407_sdio.o(i.sdio_power_set)
    system_core_clock_update                 0x08001969   Thumb Code   222  system_at32f403a_407.o(i.system_core_clock_update)
    systick_clock_source_config              0x08001a61   Thumb Code    40  at32f403a_407_misc.o(i.systick_clock_source_config)
    usart_data_transmit                      0x08001a89   Thumb Code     8  at32f403a_407_usart.o(i.usart_data_transmit)
    usart_enable                             0x08001a91   Thumb Code    10  at32f403a_407_usart.o(i.usart_enable)
    usart_flag_get                           0x08001a9b   Thumb Code    16  at32f403a_407_usart.o(i.usart_flag_get)
    usart_hardware_flow_control_set          0x08001aab   Thumb Code   102  at32f403a_407_usart.o(i.usart_hardware_flow_control_set)
    usart_init                               0x08001b11   Thumb Code   120  at32f403a_407_usart.o(i.usart_init)
    usart_parity_selection_config            0x08001b99   Thumb Code    76  at32f403a_407_usart.o(i.usart_parity_selection_config)
    usart_receiver_enable                    0x08001be5   Thumb Code    10  at32f403a_407_usart.o(i.usart_receiver_enable)
    usart_transmitter_enable                 0x08001bef   Thumb Code    10  at32f403a_407_usart.o(i.usart_transmitter_enable)
    usb_buffer_free                          0x08001bf9   Thumb Code     8  at32f403a_407_usb.o(i.usb_buffer_free)
    usb_buffer_malloc                        0x08001c05   Thumb Code    16  at32f403a_407_usb.o(i.usb_buffer_malloc)
    usb_connect                              0x08001c19   Thumb Code    18  at32f403a_407_usb.o(i.usb_connect)
    usb_dev_init                             0x08001c2b   Thumb Code    36  at32f403a_407_usb.o(i.usb_dev_init)
    usb_enter_suspend                        0x08001c4f   Thumb Code    22  at32f403a_407_usb.o(i.usb_enter_suspend)
    usb_ept_close                            0x08001c65   Thumb Code   568  at32f403a_407_usb.o(i.usb_ept_close)
    usb_ept_open                             0x08001ea1   Thumb Code  1342  at32f403a_407_usb.o(i.usb_ept_open)
    usb_exit_suspend                         0x080023e5   Thumb Code    18  at32f403a_407_usb.o(i.usb_exit_suspend)
    usb_flag_clear                           0x080023f7   Thumb Code     6  at32f403a_407_usb.o(i.usb_flag_clear)
    usb_interrupt_enable                     0x080023fd   Thumb Code    20  at32f403a_407_usb.o(i.usb_interrupt_enable)
    usb_read_packet                          0x08002411   Thumb Code    40  at32f403a_407_usb.o(i.usb_read_packet)
    usb_set_address                          0x0800243d   Thumb Code    20  at32f403a_407_usb.o(i.usb_set_address)
    usb_write_packet                         0x08002451   Thumb Code    40  at32f403a_407_usb.o(i.usb_write_packet)
    usbd_clear_stall                         0x080024d1   Thumb Code   294  usbd_core.o(i.usbd_clear_stall)
    usbd_connect                             0x080025fd   Thumb Code    12  usbd_core.o(i.usbd_connect)
    usbd_core_in_handler                     0x08002609   Thumb Code   186  usbd_core.o(i.usbd_core_in_handler)
    usbd_core_init                           0x080026c3   Thumb Code    44  usbd_core.o(i.usbd_core_init)
    usbd_core_out_handler                    0x080026ef   Thumb Code   120  usbd_core.o(i.usbd_core_out_handler)
    usbd_core_setup_handler                  0x08002767   Thumb Code    84  usbd_core.o(i.usbd_core_setup_handler)
    usbd_ctrl_recv_status                    0x080027bb   Thumb Code    24  usbd_core.o(i.usbd_ctrl_recv_status)
    usbd_ctrl_send                           0x080027d3   Thumb Code    40  usbd_core.o(i.usbd_ctrl_send)
    usbd_ctrl_send_status                    0x080027fb   Thumb Code    24  usbd_core.o(i.usbd_ctrl_send_status)
    usbd_ctrl_unsupport                      0x08002813   Thumb Code    22  usbd_core.o(i.usbd_ctrl_unsupport)
    usbd_device_request                      0x08002829   Thumb Code   128  usbd_sdr.o(i.usbd_device_request)
    usbd_endpoint_request                    0x080028a9   Thumb Code   382  usbd_sdr.o(i.usbd_endpoint_request)
    usbd_enter_suspend                       0x08002a27   Thumb Code    12  usbd_core.o(i.usbd_enter_suspend)
    usbd_ept_buf_auto_define                 0x08002a33   Thumb Code    68  usbd_core.o(i.usbd_ept_buf_auto_define)
    usbd_ept_close                           0x08002a77   Thumb Code    48  usbd_core.o(i.usbd_ept_close)
    usbd_ept_defaut_init                     0x08002aa7   Thumb Code   196  usbd_core.o(i.usbd_ept_defaut_init)
    usbd_ept_loop_handler                    0x08002b6b   Thumb Code    38  usbd_int.o(i.usbd_ept_loop_handler)
    usbd_ept_open                            0x08002b91   Thumb Code    88  usbd_core.o(i.usbd_ept_open)
    usbd_ept_recv                            0x08002be9   Thumb Code   112  usbd_core.o(i.usbd_ept_recv)
    usbd_ept_send                            0x08002c5d   Thumb Code   276  usbd_core.o(i.usbd_ept_send)
    usbd_eptn_handler                        0x08002d7d   Thumb Code   462  usbd_int.o(i.usbd_eptn_handler)
    usbd_get_recv_len                        0x080030cb   Thumb Code    20  usbd_core.o(i.usbd_get_recv_len)
    usbd_interface_request                   0x08003161   Thumb Code    74  usbd_sdr.o(i.usbd_interface_request)
    usbd_irq_handler                         0x080031ab   Thumb Code   156  usbd_int.o(i.usbd_irq_handler)
    usbd_reset_handler                       0x08003247   Thumb Code    70  usbd_int.o(i.usbd_reset_handler)
    usbd_set_stall                           0x080033dd   Thumb Code   132  usbd_core.o(i.usbd_set_stall)
    usbd_setup_request_parse                 0x08003465   Thumb Code    40  usbd_sdr.o(i.usbd_setup_request_parse)
    usbd_sof_handler                         0x0800348d   Thumb Code    20  usbd_int.o(i.usbd_sof_handler)
    usbd_suspend_handler                     0x080034a1   Thumb Code    42  usbd_int.o(i.usbd_suspend_handler)
    usbd_wakeup_handler                      0x08003507   Thumb Code    36  usbd_int.o(i.usbd_wakeup_handler)
    wk_acc_init                              0x0800352b   Thumb Code    36  wk_acc.o(i.wk_acc_init)
    wk_debug_config                          0x08003551   Thumb Code    26  wk_debug.o(i.wk_debug_config)
    wk_nvic_config                           0x08003575   Thumb Code   202  at32f403a_407_wk_config.o(i.wk_nvic_config)
    wk_periph_clock_config                   0x08003641   Thumb Code    88  at32f403a_407_wk_config.o(i.wk_periph_clock_config)
    wk_sdio2_init                            0x080036a5   Thumb Code   292  wk_sdio.o(i.wk_sdio2_init)
    wk_system_clock_config                   0x080037d9   Thumb Code   146  at32f403a_407_wk_config.o(i.wk_system_clock_config)
    wk_timebase_handler                      0x08003871   Thumb Code     8  wk_system.o(i.wk_timebase_handler)
    wk_timebase_increase                     0x08003879   Thumb Code    12  wk_system.o(i.wk_timebase_increase)
    wk_timebase_init                         0x08003889   Thumb Code    56  wk_system.o(i.wk_timebase_init)
    wk_usart1_init                           0x080038c1   Thumb Code   136  wk_usart.o(i.wk_usart1_init)
    wk_usb_app_init                          0x08003951   Thumb Code    26  usb_app.o(i.wk_usb_app_init)
    wk_usb_app_task                          0x0800397d   Thumb Code     2  usb_app.o(i.wk_usb_app_task)
    wk_usbfs_init                            0x0800397f   Thumb Code    16  wk_usbfs.o(i.wk_usbfs_init)
    wk_usbfs_irq_handler                     0x08003991   Thumb Code    10  usb_app.o(i.wk_usbfs_irq_handler)
    _fp_init                                 0x080039a1   Thumb Code    10  fpinit.o(x$fpl$fpinit)
    __fplib_config_fpu_vfp                   0x080039a9   Thumb Code     0  fpinit.o(x$fpl$fpinit)
    __fplib_config_pureend_doubles           0x080039a9   Thumb Code     0  fpinit.o(x$fpl$fpinit)
    Region$$Table$$Base                      0x080039e4   Number         0  anon$$obj.o(Region$$Table)
    Region$$Table$$Limit                     0x08003a04   Number         0  anon$$obj.o(Region$$Table)
    timebase_ticks                           0x20000000   Data           4  wk_system.o(.data)
    __stdout                                 0x20000004   Data           4  wk_system.o(.data)
    g_usb_packet_address                     0x20000008   Data           4  at32f403a_407_usb.o(.data)
    system_core_clock                        0x20000010   Data           4  system_at32f403a_407.o(.data)
    scsi_inquiry                             0x20000014   Data          36  msc_diskio.o(.data)
    msc_class_handler                        0x20000038   Data          40  msc_class.o(.data)
    msc_desc_handler                         0x20000060   Data          40  msc_desc.o(.data)
    page00_inquiry_data                      0x20000104   Data           5  msc_bot_scsi.o(.data)
    sense_data                               0x2000010c   Data          24  msc_bot_scsi.o(.data)
    mode_sense6_data                         0x20000124   Data           8  msc_bot_scsi.o(.data)
    mode_sense10_data                        0x2000012c   Data           8  msc_bot_scsi.o(.data)
    usb_core_dev                             0x20000138   Data         556  usb_app.o(.bss)
    msc_struct                               0x20000368   Data        4184  msc_class.o(.bss)
    __libspace_start                         0x200014c0   Data          96  libspace.o(.bss)
    __temporary_stack_top$libspace           0x20001520   Data           0  libspace.o(.bss)



==============================================================================

Memory Map of the image

  Image Entry point : 0x08000185

  Load Region LR_IROM1 (Base: 0x08000000, Size: 0x00003b3c, Max: 0x00100000, ABSOLUTE, COMPRESSED[0x00003ac0])

    Execution Region ER_IROM1 (Exec base: 0x08000000, Load base: 0x08000000, Size: 0x00003a04, Max: 0x00100000, ABSOLUTE)

    Exec Addr    Load Addr    Size         Type   Attr      Idx    E Section Name        Object

    0x08000000   0x08000000   0x00000184   Data   RO         4027    RESET               startup_at32f403a_407.o
    0x08000184   0x08000184   0x00000008   Code   RO         4905  * !!!main             c_w.l(__main.o)
    0x0800018c   0x0800018c   0x00000034   Code   RO         5070    !!!scatter          c_w.l(__scatter.o)
    0x080001c0   0x080001c0   0x0000005a   Code   RO         5068    !!dczerorl2         c_w.l(__dczerorl2.o)
    0x0800021a   0x0800021a   0x00000002   PAD
    0x0800021c   0x0800021c   0x0000001c   Code   RO         5072    !!handler_zi        c_w.l(__scatter_zi.o)
    0x08000238   0x08000238   0x00000002   Code   RO         4944    .ARM.Collect$$libinit$$00000000  c_w.l(libinit.o)
    0x0800023a   0x0800023a   0x00000004   Code   RO         4950    .ARM.Collect$$libinit$$00000001  c_w.l(libinit2.o)
    0x0800023e   0x0800023e   0x00000000   Code   RO         4953    .ARM.Collect$$libinit$$00000004  c_w.l(libinit2.o)
    0x0800023e   0x0800023e   0x00000000   Code   RO         4956    .ARM.Collect$$libinit$$0000000A  c_w.l(libinit2.o)
    0x0800023e   0x0800023e   0x00000000   Code   RO         4958    .ARM.Collect$$libinit$$0000000C  c_w.l(libinit2.o)
    0x0800023e   0x0800023e   0x00000000   Code   RO         4960    .ARM.Collect$$libinit$$0000000E  c_w.l(libinit2.o)
    0x0800023e   0x0800023e   0x00000000   Code   RO         4963    .ARM.Collect$$libinit$$00000011  c_w.l(libinit2.o)
    0x0800023e   0x0800023e   0x00000000   Code   RO         4965    .ARM.Collect$$libinit$$00000013  c_w.l(libinit2.o)
    0x0800023e   0x0800023e   0x00000000   Code   RO         4967    .ARM.Collect$$libinit$$00000015  c_w.l(libinit2.o)
    0x0800023e   0x0800023e   0x00000000   Code   RO         4969    .ARM.Collect$$libinit$$00000017  c_w.l(libinit2.o)
    0x0800023e   0x0800023e   0x00000000   Code   RO         4971    .ARM.Collect$$libinit$$00000019  c_w.l(libinit2.o)
    0x0800023e   0x0800023e   0x00000000   Code   RO         4973    .ARM.Collect$$libinit$$0000001B  c_w.l(libinit2.o)
    0x0800023e   0x0800023e   0x00000000   Code   RO         4975    .ARM.Collect$$libinit$$0000001D  c_w.l(libinit2.o)
    0x0800023e   0x0800023e   0x00000000   Code   RO         4977    .ARM.Collect$$libinit$$0000001F  c_w.l(libinit2.o)
    0x0800023e   0x0800023e   0x00000000   Code   RO         4979    .ARM.Collect$$libinit$$00000021  c_w.l(libinit2.o)
    0x0800023e   0x0800023e   0x00000000   Code   RO         4981    .ARM.Collect$$libinit$$00000023  c_w.l(libinit2.o)
    0x0800023e   0x0800023e   0x00000000   Code   RO         4983    .ARM.Collect$$libinit$$00000025  c_w.l(libinit2.o)
    0x0800023e   0x0800023e   0x00000000   Code   RO         4987    .ARM.Collect$$libinit$$0000002C  c_w.l(libinit2.o)
    0x0800023e   0x0800023e   0x00000000   Code   RO         4989    .ARM.Collect$$libinit$$0000002E  c_w.l(libinit2.o)
    0x0800023e   0x0800023e   0x00000000   Code   RO         4991    .ARM.Collect$$libinit$$00000030  c_w.l(libinit2.o)
    0x0800023e   0x0800023e   0x00000000   Code   RO         4993    .ARM.Collect$$libinit$$00000032  c_w.l(libinit2.o)
    0x0800023e   0x0800023e   0x00000002   Code   RO         4994    .ARM.Collect$$libinit$$00000033  c_w.l(libinit2.o)
    0x08000240   0x08000240   0x00000002   Code   RO         5012    .ARM.Collect$$libshutdown$$00000000  c_w.l(libshutdown.o)
    0x08000242   0x08000242   0x00000000   Code   RO         5022    .ARM.Collect$$libshutdown$$00000002  c_w.l(libshutdown2.o)
    0x08000242   0x08000242   0x00000000   Code   RO         5024    .ARM.Collect$$libshutdown$$00000004  c_w.l(libshutdown2.o)
    0x08000242   0x08000242   0x00000000   Code   RO         5027    .ARM.Collect$$libshutdown$$00000007  c_w.l(libshutdown2.o)
    0x08000242   0x08000242   0x00000000   Code   RO         5030    .ARM.Collect$$libshutdown$$0000000A  c_w.l(libshutdown2.o)
    0x08000242   0x08000242   0x00000000   Code   RO         5032    .ARM.Collect$$libshutdown$$0000000C  c_w.l(libshutdown2.o)
    0x08000242   0x08000242   0x00000000   Code   RO         5035    .ARM.Collect$$libshutdown$$0000000F  c_w.l(libshutdown2.o)
    0x08000242   0x08000242   0x00000002   Code   RO         5036    .ARM.Collect$$libshutdown$$00000010  c_w.l(libshutdown2.o)
    0x08000244   0x08000244   0x00000000   Code   RO         4909    .ARM.Collect$$rtentry$$00000000  c_w.l(__rtentry.o)
    0x08000244   0x08000244   0x00000000   Code   RO         4913    .ARM.Collect$$rtentry$$00000002  c_w.l(__rtentry2.o)
    0x08000244   0x08000244   0x00000006   Code   RO         4925    .ARM.Collect$$rtentry$$00000004  c_w.l(__rtentry4.o)
    0x0800024a   0x0800024a   0x00000000   Code   RO         4915    .ARM.Collect$$rtentry$$00000009  c_w.l(__rtentry2.o)
    0x0800024a   0x0800024a   0x00000004   Code   RO         4916    .ARM.Collect$$rtentry$$0000000A  c_w.l(__rtentry2.o)
    0x0800024e   0x0800024e   0x00000000   Code   RO         4918    .ARM.Collect$$rtentry$$0000000C  c_w.l(__rtentry2.o)
    0x0800024e   0x0800024e   0x00000008   Code   RO         4919    .ARM.Collect$$rtentry$$0000000D  c_w.l(__rtentry2.o)
    0x08000256   0x08000256   0x00000002   Code   RO         4948    .ARM.Collect$$rtexit$$00000000  c_w.l(rtexit.o)
    0x08000258   0x08000258   0x00000000   Code   RO         4996    .ARM.Collect$$rtexit$$00000002  c_w.l(rtexit2.o)
    0x08000258   0x08000258   0x00000004   Code   RO         4997    .ARM.Collect$$rtexit$$00000003  c_w.l(rtexit2.o)
    0x0800025c   0x0800025c   0x00000006   Code   RO         4998    .ARM.Collect$$rtexit$$00000004  c_w.l(rtexit2.o)
    0x08000262   0x08000262   0x00000002   PAD
    0x08000264   0x08000264   0x00000040   Code   RO         4028    .text               startup_at32f403a_407.o
    0x080002a4   0x080002a4   0x00000002   Code   RO         4897    .text               c_w.l(use_no_semi_2.o)
    0x080002a6   0x080002a6   0x00000002   PAD
    0x080002a8   0x080002a8   0x00000018   Code   RO         4901    .text               c_w.l(noretval__2printf.o)
    0x080002c0   0x080002c0   0x00000006   Code   RO         4903    .text               c_w.l(heapauxi.o)
    0x080002c6   0x080002c6   0x00000002   Code   RO         4907    .text               c_w.l(use_no_semi.o)
    0x080002c8   0x080002c8   0x00000024   Code   RO         4910    .text               c_w.l(_printf_char_file.o)
    0x080002ec   0x080002ec   0x00000030   Code   RO         4927    .text               c_w.l(_printf_char_common.o)
    0x0800031c   0x0800031c   0x00000008   Code   RO         4929    .text               c_w.l(ferror.o)
    0x08000324   0x08000324   0x0000004a   Code   RO         4933    .text               c_w.l(sys_stackheap_outer.o)
    0x0800036e   0x0800036e   0x00000028   Code   RO         4935    .text               c_w.l(__printf_nopercent.o)
    0x08000396   0x08000396   0x00000012   Code   RO         4937    .text               c_w.l(exit.o)
    0x080003a8   0x080003a8   0x00000008   Code   RO         4945    .text               c_w.l(libspace.o)
    0x080003b0   0x080003b0   0x00000004   Code   RO          226    i.BusFault_Handler  at32f403a_407_int.o
    0x080003b4   0x080003b4   0x00000002   Code   RO          227    i.DebugMon_Handler  at32f403a_407_int.o
    0x080003b6   0x080003b6   0x00000004   Code   RO          228    i.HardFault_Handler  at32f403a_407_int.o
    0x080003ba   0x080003ba   0x00000004   Code   RO          229    i.MemManage_Handler  at32f403a_407_int.o
    0x080003be   0x080003be   0x00000002   Code   RO          230    i.NMI_Handler       at32f403a_407_int.o
    0x080003c0   0x080003c0   0x00000040   Code   RO          171    i.NVIC_EncodePriority  at32f403a_407_wk_config.o
    0x08000400   0x08000400   0x00000002   Code   RO          231    i.PendSV_Handler    at32f403a_407_int.o
    0x08000402   0x08000402   0x00000002   Code   RO          232    i.SVC_Handler       at32f403a_407_int.o
    0x08000404   0x08000404   0x00000008   Code   RO          233    i.SysTick_Handler   at32f403a_407_int.o
    0x0800040c   0x0800040c   0x00000070   Code   RO         4035    i.SystemInit        system_at32f403a_407.o
    0x0800047c   0x0800047c   0x00000008   Code   RO          234    i.USBFS_MAPL_IRQHandler  at32f403a_407_int.o
    0x08000484   0x08000484   0x00000004   Code   RO          235    i.UsageFault_Handler  at32f403a_407_int.o
    0x08000488   0x08000488   0x00000010   Code   RO          172    i.__NVIC_GetPriorityGrouping  at32f403a_407_wk_config.o
    0x08000498   0x08000498   0x00000028   Code   RO          173    i.__NVIC_SetPriority  at32f403a_407_wk_config.o
    0x080004c0   0x080004c0   0x00000002   Code   RO          307    i._sys_exit         wk_system.o
    0x080004c2   0x080004c2   0x00000002   PAD
    0x080004c4   0x080004c4   0x00000030   Code   RO         3200    i.acc_calibration_mode_enable  at32f403a_407_acc.o
    0x080004f4   0x080004f4   0x0000000c   Code   RO         3211    i.acc_write_c1      at32f403a_407_acc.o
    0x08000500   0x08000500   0x0000000c   Code   RO         3212    i.acc_write_c2      at32f403a_407_acc.o
    0x0800050c   0x0800050c   0x0000000c   Code   RO         3213    i.acc_write_c3      at32f403a_407_acc.o
    0x08000518   0x08000518   0x000000c4   Code   RO         4421    i.bot_cbw_decode    msc_bot_scsi.o
    0x080005dc   0x080005dc   0x00000012   Code   RO         4422    i.bot_scsi_allow_medium_removal  msc_bot_scsi.o
    0x080005ee   0x080005ee   0x00000096   Code   RO         4423    i.bot_scsi_capacity  msc_bot_scsi.o
    0x08000684   0x08000684   0x00000038   Code   RO         4424    i.bot_scsi_check_address  msc_bot_scsi.o
    0x080006bc   0x080006bc   0x0000003c   Code   RO         4425    i.bot_scsi_clear_feature  msc_bot_scsi.o
    0x080006f8   0x080006f8   0x00000146   Code   RO         4426    i.bot_scsi_cmd_process  msc_bot_scsi.o
    0x0800083e   0x0800083e   0x00000044   Code   RO         4427    i.bot_scsi_datain_handler  msc_bot_scsi.o
    0x08000882   0x08000882   0x00000038   Code   RO         4428    i.bot_scsi_dataout_handler  msc_bot_scsi.o
    0x080008ba   0x080008ba   0x0000009a   Code   RO         4429    i.bot_scsi_format_capacity  msc_bot_scsi.o
    0x08000954   0x08000954   0x00000050   Code   RO         4430    i.bot_scsi_init     msc_bot_scsi.o
    0x080009a4   0x080009a4   0x00000064   Code   RO         4431    i.bot_scsi_inquiry  msc_bot_scsi.o
    0x08000a08   0x08000a08   0x00000030   Code   RO         4432    i.bot_scsi_mode_sense10  msc_bot_scsi.o
    0x08000a38   0x08000a38   0x00000030   Code   RO         4433    i.bot_scsi_mode_sense6  msc_bot_scsi.o
    0x08000a68   0x08000a68   0x0000013e   Code   RO         4434    i.bot_scsi_read10   msc_bot_scsi.o
    0x08000ba6   0x08000ba6   0x00000002   PAD
    0x08000ba8   0x08000ba8   0x00000044   Code   RO         4435    i.bot_scsi_request_sense  msc_bot_scsi.o
    0x08000bec   0x08000bec   0x00000028   Code   RO         4436    i.bot_scsi_reset    msc_bot_scsi.o
    0x08000c14   0x08000c14   0x0000004c   Code   RO         4437    i.bot_scsi_send_csw  msc_bot_scsi.o
    0x08000c60   0x08000c60   0x0000005c   Code   RO         4438    i.bot_scsi_send_data  msc_bot_scsi.o
    0x08000cbc   0x08000cbc   0x0000000c   Code   RO         4439    i.bot_scsi_sense_code  msc_bot_scsi.o
    0x08000cc8   0x08000cc8   0x0000004a   Code   RO         4440    i.bot_scsi_stall    msc_bot_scsi.o
    0x08000d12   0x08000d12   0x00000012   Code   RO         4441    i.bot_scsi_start_stop  msc_bot_scsi.o
    0x08000d24   0x08000d24   0x00000032   Code   RO         4442    i.bot_scsi_test_unit  msc_bot_scsi.o
    0x08000d56   0x08000d56   0x00000078   Code   RO         4443    i.bot_scsi_verify   msc_bot_scsi.o
    0x08000dce   0x08000dce   0x00000172   Code   RO         4444    i.bot_scsi_write10  msc_bot_scsi.o
    0x08000f40   0x08000f40   0x0000001c   Code   RO         4258    i.class_clear_handler  msc_class.o
    0x08000f5c   0x08000f5c   0x0000001a   Code   RO         4259    i.class_ept0_rx_handler  msc_class.o
    0x08000f76   0x08000f76   0x00000006   Code   RO         4260    i.class_ept0_tx_handler  msc_class.o
    0x08000f7c   0x08000f7c   0x0000001e   Code   RO         4261    i.class_event_handler  msc_class.o
    0x08000f9a   0x08000f9a   0x00000014   Code   RO         4262    i.class_in_handler  msc_class.o
    0x08000fae   0x08000fae   0x0000002a   Code   RO         4263    i.class_init_handler  msc_class.o
    0x08000fd8   0x08000fd8   0x00000014   Code   RO         4264    i.class_out_handler  msc_class.o
    0x08000fec   0x08000fec   0x000000e0   Code   RO         4265    i.class_setup_handler  msc_class.o
    0x080010cc   0x080010cc   0x00000006   Code   RO         4266    i.class_sof_handler  msc_class.o
    0x080010d2   0x080010d2   0x00000002   PAD
    0x080010d4   0x080010d4   0x00000014   Code   RO          627    i.crm_ahb_div_set   at32f403a_407_crm.o
    0x080010e8   0x080010e8   0x00000014   Code   RO          628    i.crm_apb1_div_set  at32f403a_407_crm.o
    0x080010fc   0x080010fc   0x00000014   Code   RO          629    i.crm_apb2_div_set  at32f403a_407_crm.o
    0x08001110   0x08001110   0x00000028   Code   RO          630    i.crm_auto_step_mode_enable  at32f403a_407_crm.o
    0x08001138   0x08001138   0x00000060   Code   RO          636    i.crm_clock_source_enable  at32f403a_407_crm.o
    0x08001198   0x08001198   0x0000012c   Code   RO          637    i.crm_clocks_freq_get  at32f403a_407_crm.o
    0x080012c4   0x080012c4   0x00000030   Code   RO          639    i.crm_flag_get      at32f403a_407_crm.o
    0x080012f4   0x080012f4   0x0000002e   Code   RO          642    i.crm_hext_stable_wait  at32f403a_407_crm.o
    0x08001322   0x08001322   0x00000002   PAD
    0x08001324   0x08001324   0x00000014   Code   RO          645    i.crm_hick_divider_select  at32f403a_407_crm.o
    0x08001338   0x08001338   0x0000001c   Code   RO          646    i.crm_hick_sclk_frequency_select  at32f403a_407_crm.o
    0x08001354   0x08001354   0x00000044   Code   RO          650    i.crm_periph_clock_enable  at32f403a_407_crm.o
    0x08001398   0x08001398   0x0000007c   Code   RO          653    i.crm_pll_config    at32f403a_407_crm.o
    0x08001414   0x08001414   0x00000058   Code   RO          654    i.crm_reset         at32f403a_407_crm.o
    0x0800146c   0x0800146c   0x0000003c   Code   RO          657    i.crm_sysclk_switch  at32f403a_407_crm.o
    0x080014a8   0x080014a8   0x00000010   Code   RO          658    i.crm_sysclk_switch_status_get  at32f403a_407_crm.o
    0x080014b8   0x080014b8   0x00000020   Code   RO          660    i.crm_usb_clock_source_select  at32f403a_407_crm.o
    0x080014d8   0x080014d8   0x00000014   Code   RO          661    i.crm_usb_interrupt_remapping_set  at32f403a_407_crm.o
    0x080014ec   0x080014ec   0x00000034   Code   RO          309    i.fputc             wk_system.o
    0x08001520   0x08001520   0x00000034   Code   RO         4328    i.get_device_config_string  msc_desc.o
    0x08001554   0x08001554   0x00000008   Code   RO         4329    i.get_device_configuration  msc_desc.o
    0x0800155c   0x0800155c   0x00000008   Code   RO         4330    i.get_device_descriptor  msc_desc.o
    0x08001564   0x08001564   0x00000038   Code   RO         4331    i.get_device_interface_string  msc_desc.o
    0x0800159c   0x0800159c   0x00000008   Code   RO         4332    i.get_device_lang_id  msc_desc.o
    0x080015a4   0x080015a4   0x00000028   Code   RO         4333    i.get_device_manufacturer_string  msc_desc.o
    0x080015cc   0x080015cc   0x00000004   Code   RO         4334    i.get_device_other_speed  msc_desc.o
    0x080015d0   0x080015d0   0x00000034   Code   RO         4335    i.get_device_product_string  msc_desc.o
    0x08001604   0x08001604   0x00000004   Code   RO         4336    i.get_device_qualifier  msc_desc.o
    0x08001608   0x08001608   0x00000010   Code   RO         4337    i.get_device_serial_string  msc_desc.o
    0x08001618   0x08001618   0x0000001c   Code   RO         4207    i.get_inquiry       msc_diskio.o
    0x08001634   0x08001634   0x00000034   Code   RO         4338    i.get_serial_num    msc_desc.o
    0x08001668   0x08001668   0x00000016   Code   RO         1309    i.gpio_default_para_init  at32f403a_407_gpio.o
    0x0800167e   0x0800167e   0x000000a8   Code   RO         1313    i.gpio_init         at32f403a_407_gpio.o
    0x08001726   0x08001726   0x00000002   PAD
    0x08001728   0x08001728   0x0000004c   Code   RO         1319    i.gpio_pin_remap_config  at32f403a_407_gpio.o
    0x08001774   0x08001774   0x00000048   Code   RO            4    i.main              main.o
    0x080017bc   0x080017bc   0x0000001c   Code   RO         4208    i.msc_disk_capacity  msc_diskio.o
    0x080017d8   0x080017d8   0x00000022   Code   RO         4209    i.msc_disk_read     msc_diskio.o
    0x080017fa   0x080017fa   0x00000022   Code   RO         4210    i.msc_disk_write    msc_diskio.o
    0x0800181c   0x0800181c   0x000000c8   Code   RO         2993    i.nvic_irq_enable   at32f403a_407_misc.o
    0x080018e4   0x080018e4   0x00000028   Code   RO         2995    i.nvic_priority_group_config  at32f403a_407_misc.o
    0x0800190c   0x0800190c   0x0000000a   Code   RO         3723    i.sdio_bus_width_config  at32f403a_407_sdio.o
    0x08001916   0x08001916   0x0000000a   Code   RO         3724    i.sdio_clock_bypass  at32f403a_407_sdio.o
    0x08001920   0x08001920   0x0000001e   Code   RO         3725    i.sdio_clock_config  at32f403a_407_sdio.o
    0x0800193e   0x0800193e   0x0000000a   Code   RO         3726    i.sdio_clock_enable  at32f403a_407_sdio.o
    0x08001948   0x08001948   0x0000000a   Code   RO         3738    i.sdio_flow_control_enable  at32f403a_407_sdio.o
    0x08001952   0x08001952   0x0000000a   Code   RO         3743    i.sdio_power_saving_mode_enable  at32f403a_407_sdio.o
    0x0800195c   0x0800195c   0x0000000a   Code   RO         3744    i.sdio_power_set    at32f403a_407_sdio.o
    0x08001966   0x08001966   0x00000002   PAD
    0x08001968   0x08001968   0x000000f8   Code   RO         4036    i.system_core_clock_update  system_at32f403a_407.o
    0x08001a60   0x08001a60   0x00000028   Code   RO         2998    i.systick_clock_source_config  at32f403a_407_misc.o
    0x08001a88   0x08001a88   0x00000008   Code   RO         1646    i.usart_data_transmit  at32f403a_407_usart.o
    0x08001a90   0x08001a90   0x0000000a   Code   RO         1649    i.usart_enable      at32f403a_407_usart.o
    0x08001a9a   0x08001a9a   0x00000010   Code   RO         1651    i.usart_flag_get    at32f403a_407_usart.o
    0x08001aaa   0x08001aaa   0x00000066   Code   RO         1652    i.usart_hardware_flow_control_set  at32f403a_407_usart.o
    0x08001b10   0x08001b10   0x00000088   Code   RO         1653    i.usart_init        at32f403a_407_usart.o
    0x08001b98   0x08001b98   0x0000004c   Code   RO         1660    i.usart_parity_selection_config  at32f403a_407_usart.o
    0x08001be4   0x08001be4   0x0000000a   Code   RO         1661    i.usart_receiver_enable  at32f403a_407_usart.o
    0x08001bee   0x08001bee   0x0000000a   Code   RO         1668    i.usart_transmitter_enable  at32f403a_407_usart.o
    0x08001bf8   0x08001bf8   0x0000000c   Code   RO         3056    i.usb_buffer_free   at32f403a_407_usb.o
    0x08001c04   0x08001c04   0x00000014   Code   RO         3057    i.usb_buffer_malloc  at32f403a_407_usb.o
    0x08001c18   0x08001c18   0x00000012   Code   RO         3058    i.usb_connect       at32f403a_407_usb.o
    0x08001c2a   0x08001c2a   0x00000024   Code   RO         3059    i.usb_dev_init      at32f403a_407_usb.o
    0x08001c4e   0x08001c4e   0x00000016   Code   RO         3061    i.usb_enter_suspend  at32f403a_407_usb.o
    0x08001c64   0x08001c64   0x0000023c   Code   RO         3062    i.usb_ept_close     at32f403a_407_usb.o
    0x08001ea0   0x08001ea0   0x00000544   Code   RO         3063    i.usb_ept_open      at32f403a_407_usb.o
    0x080023e4   0x080023e4   0x00000012   Code   RO         3065    i.usb_exit_suspend  at32f403a_407_usb.o
    0x080023f6   0x080023f6   0x00000006   Code   RO         3066    i.usb_flag_clear    at32f403a_407_usb.o
    0x080023fc   0x080023fc   0x00000014   Code   RO         3068    i.usb_interrupt_enable  at32f403a_407_usb.o
    0x08002410   0x08002410   0x0000002c   Code   RO         3070    i.usb_read_packet   at32f403a_407_usb.o
    0x0800243c   0x0800243c   0x00000014   Code   RO         3073    i.usb_set_address   at32f403a_407_usb.o
    0x08002450   0x08002450   0x0000002c   Code   RO         3075    i.usb_write_packet  at32f403a_407_usb.o
    0x0800247c   0x0800247c   0x00000054   Code   RO         4820    i.usbd_clear_feature  usbd_sdr.o
    0x080024d0   0x080024d0   0x0000012c   Code   RO         4586    i.usbd_clear_stall  usbd_core.o
    0x080025fc   0x080025fc   0x0000000c   Code   RO         4587    i.usbd_connect      usbd_core.o
    0x08002608   0x08002608   0x000000ba   Code   RO         4589    i.usbd_core_in_handler  usbd_core.o
    0x080026c2   0x080026c2   0x0000002c   Code   RO         4590    i.usbd_core_init    usbd_core.o
    0x080026ee   0x080026ee   0x00000078   Code   RO         4591    i.usbd_core_out_handler  usbd_core.o
    0x08002766   0x08002766   0x00000054   Code   RO         4592    i.usbd_core_setup_handler  usbd_core.o
    0x080027ba   0x080027ba   0x00000018   Code   RO         4594    i.usbd_ctrl_recv_status  usbd_core.o
    0x080027d2   0x080027d2   0x00000028   Code   RO         4595    i.usbd_ctrl_send    usbd_core.o
    0x080027fa   0x080027fa   0x00000018   Code   RO         4596    i.usbd_ctrl_send_status  usbd_core.o
    0x08002812   0x08002812   0x00000016   Code   RO         4597    i.usbd_ctrl_unsupport  usbd_core.o
    0x08002828   0x08002828   0x00000080   Code   RO         4821    i.usbd_device_request  usbd_sdr.o
    0x080028a8   0x080028a8   0x0000017e   Code   RO         4822    i.usbd_endpoint_request  usbd_sdr.o
    0x08002a26   0x08002a26   0x0000000c   Code   RO         4599    i.usbd_enter_suspend  usbd_core.o
    0x08002a32   0x08002a32   0x00000044   Code   RO         4600    i.usbd_ept_buf_auto_define  usbd_core.o
    0x08002a76   0x08002a76   0x00000030   Code   RO         4602    i.usbd_ept_close    usbd_core.o
    0x08002aa6   0x08002aa6   0x000000c4   Code   RO         4604    i.usbd_ept_defaut_init  usbd_core.o
    0x08002b6a   0x08002b6a   0x00000026   Code   RO         4760    i.usbd_ept_loop_handler  usbd_int.o
    0x08002b90   0x08002b90   0x00000058   Code   RO         4605    i.usbd_ept_open     usbd_core.o
    0x08002be8   0x08002be8   0x00000074   Code   RO         4606    i.usbd_ept_recv     usbd_core.o
    0x08002c5c   0x08002c5c   0x00000120   Code   RO         4607    i.usbd_ept_send     usbd_core.o
    0x08002d7c   0x08002d7c   0x000001dc   Code   RO         4761    i.usbd_eptn_handler  usbd_int.o
    0x08002f58   0x08002f58   0x00000056   Code   RO         4823    i.usbd_get_configuration  usbd_sdr.o
    0x08002fae   0x08002fae   0x0000011c   Code   RO         4824    i.usbd_get_descriptor  usbd_sdr.o
    0x080030ca   0x080030ca   0x00000014   Code   RO         4608    i.usbd_get_recv_len  usbd_core.o
    0x080030de   0x080030de   0x00000044   Code   RO         4825    i.usbd_get_status   usbd_sdr.o
    0x08003122   0x08003122   0x0000003e   Code   RO         4339    i.usbd_int_to_unicode  msc_desc.o
    0x08003160   0x08003160   0x0000004a   Code   RO         4826    i.usbd_interface_request  usbd_sdr.o
    0x080031aa   0x080031aa   0x0000009c   Code   RO         4762    i.usbd_irq_handler  usbd_int.o
    0x08003246   0x08003246   0x00000046   Code   RO         4763    i.usbd_reset_handler  usbd_int.o
    0x0800328c   0x0800328c   0x00000052   Code   RO         4827    i.usbd_set_address  usbd_sdr.o
    0x080032de   0x080032de   0x00000002   PAD
    0x080032e0   0x080032e0   0x000000c8   Code   RO         4828    i.usbd_set_configuration  usbd_sdr.o
    0x080033a8   0x080033a8   0x00000032   Code   RO         4829    i.usbd_set_feature  usbd_sdr.o
    0x080033da   0x080033da   0x00000002   PAD
    0x080033dc   0x080033dc   0x00000088   Code   RO         4611    i.usbd_set_stall    usbd_core.o
    0x08003464   0x08003464   0x00000028   Code   RO         4830    i.usbd_setup_request_parse  usbd_sdr.o
    0x0800348c   0x0800348c   0x00000014   Code   RO         4764    i.usbd_sof_handler  usbd_int.o
    0x080034a0   0x080034a0   0x0000002a   Code   RO         4765    i.usbd_suspend_handler  usbd_int.o
    0x080034ca   0x080034ca   0x0000003c   Code   RO         4340    i.usbd_unicode_convert  msc_desc.o
    0x08003506   0x08003506   0x00000024   Code   RO         4766    i.usbd_wakeup_handler  usbd_int.o
    0x0800352a   0x0800352a   0x00000024   Code   RO          380    i.wk_acc_init       wk_acc.o
    0x0800354e   0x0800354e   0x00000002   PAD
    0x08003550   0x08003550   0x00000024   Code   RO          404    i.wk_debug_config   wk_debug.o
    0x08003574   0x08003574   0x000000ca   Code   RO          174    i.wk_nvic_config    at32f403a_407_wk_config.o
    0x0800363e   0x0800363e   0x00000002   PAD
    0x08003640   0x08003640   0x00000064   Code   RO          175    i.wk_periph_clock_config  at32f403a_407_wk_config.o
    0x080036a4   0x080036a4   0x00000134   Code   RO          452    i.wk_sdio2_init     wk_sdio.o
    0x080037d8   0x080037d8   0x00000098   Code   RO          176    i.wk_system_clock_config  at32f403a_407_wk_config.o
    0x08003870   0x08003870   0x00000008   Code   RO          312    i.wk_timebase_handler  wk_system.o
    0x08003878   0x08003878   0x00000010   Code   RO          313    i.wk_timebase_increase  wk_system.o
    0x08003888   0x08003888   0x00000038   Code   RO          314    i.wk_timebase_init  wk_system.o
    0x080038c0   0x080038c0   0x00000090   Code   RO          476    i.wk_usart1_init    wk_usart.o
    0x08003950   0x08003950   0x0000002c   Code   RO          501    i.wk_usb_app_init   usb_app.o
    0x0800397c   0x0800397c   0x00000002   Code   RO          502    i.wk_usb_app_task   usb_app.o
    0x0800397e   0x0800397e   0x00000010   Code   RO          428    i.wk_usbfs_init     wk_usbfs.o
    0x0800398e   0x0800398e   0x00000002   PAD
    0x08003990   0x08003990   0x00000010   Code   RO          503    i.wk_usbfs_irq_handler  usb_app.o
    0x080039a0   0x080039a0   0x0000000a   Code   RO         5004    x$fpl$fpinit        fz_wm.l(fpinit.o)
    0x080039aa   0x080039aa   0x00000028   Data   RO          662    .constdata          at32f403a_407_crm.o
    0x080039d2   0x080039d2   0x00000010   Data   RO         4037    .constdata          system_at32f403a_407.o
    0x080039e2   0x080039e2   0x00000002   PAD
    0x080039e4   0x080039e4   0x00000020   Data   RO         5066    Region$$Table       anon$$obj.o


    Execution Region RW_IRAM1 (Exec base: 0x20000000, Load base: 0x08003a04, Size: 0x00001b20, Max: 0x00018000, ABSOLUTE, COMPRESSED[0x000000bc])

    Exec Addr    Load Addr    Size         Type   Attr      Idx    E Section Name        Object

    0x20000000   COMPRESSED   0x00000008   Data   RW          315    .data               wk_system.o
    0x20000008   COMPRESSED   0x00000006   Data   RW         3076    .data               at32f403a_407_usb.o
    0x2000000e   COMPRESSED   0x00000002   PAD
    0x20000010   COMPRESSED   0x00000004   Data   RW         4038    .data               system_at32f403a_407.o
    0x20000014   COMPRESSED   0x00000024   Data   RW         4211    .data               msc_diskio.o
    0x20000038   COMPRESSED   0x00000028   Data   RW         4268    .data               msc_class.o
    0x20000060   COMPRESSED   0x000000a4   Data   RW         4342    .data               msc_desc.o
    0x20000104   COMPRESSED   0x00000030   Data   RW         4445    .data               msc_bot_scsi.o
    0x20000134   COMPRESSED   0x00000001   Data   RW         4831    .data               usbd_sdr.o
    0x20000135   COMPRESSED   0x00000003   PAD
    0x20000138        -       0x0000022c   Zero   RW          504    .bss                usb_app.o
    0x20000364   COMPRESSED   0x00000004   PAD
    0x20000368        -       0x00001058   Zero   RW         4267    .bss                msc_class.o
    0x200013c0        -       0x00000100   Zero   RW         4341    .bss                msc_desc.o
    0x200014c0        -       0x00000060   Zero   RW         4946    .bss                c_w.l(libspace.o)
    0x20001520        -       0x00000200   Zero   RW         4026    HEAP                startup_at32f403a_407.o
    0x20001720        -       0x00000400   Zero   RW         4025    STACK               startup_at32f403a_407.o


==============================================================================

Image component sizes


      Code (inc. data)   RO Data    RW Data    ZI Data      Debug   Object Name

        84         22          0          0          0       2387   at32f403a_407_acc.o
      1046        128         40          0          0      11415   at32f403a_407_crm.o
       266          6          0          0          0       2789   at32f403a_407_gpio.o
        40          0          0          0          0       4998   at32f403a_407_int.o
       280         18          0          0          0      32772   at32f403a_407_misc.o
        90          0          0          0          0       4824   at32f403a_407_sdio.o
       368         16          0          0          0       5852   at32f403a_407_usart.o
      2180         38          0          6          0      18423   at32f403a_407_usb.o
       574         32          0          0          0      33546   at32f403a_407_wk_config.o
        72         18          0          0          0      56338   main.o
      2598         42          0         48          0      18792   msc_bot_scsi.o
       402          0          0         40       4184       6203   msc_class.o
       422        140          0        164        256       7823   msc_desc.o
       124          6          0         36          0       6366   msc_diskio.o
        64         26        388          0       1536        844   startup_at32f403a_407.o
       360         38         16          4          0       2304   system_at32f403a_407.o
        62         24          0          0        556       8574   usb_app.o
      1828         26          0          0          0      14648   usbd_core.o
       838         14          0          0          0       5476   usbd_int.o
      1478         24          0          1          0       8822   usbd_sdr.o
        36          0          0          0          0        502   wk_acc.o
        36         10          0          0          0        506   wk_debug.o
       308         16          0          0          0        700   wk_sdio.o
       134         10          0          8          0       4625   wk_system.o
       144          8          0          0          0        601   wk_usart.o
        16          0          0          0          0        500   wk_usbfs.o

    ----------------------------------------------------------------------
     13872        662        478        312       6536     260630   Object Totals
         0          0         32          0          0          0   (incl. Generated)
        22          0          2          5          4          0   (incl. Padding)

    ----------------------------------------------------------------------

      Code (inc. data)   RO Data    RW Data    ZI Data      Debug   Library Member Name

        90          0          0          0          0          0   __dczerorl2.o
         8          0          0          0          0         68   __main.o
        40          0          0          0          0         84   __printf_nopercent.o
         0          0          0          0          0          0   __rtentry.o
        12          0          0          0          0          0   __rtentry2.o
         6          0          0          0          0          0   __rtentry4.o
        52          8          0          0          0          0   __scatter.o
        28          0          0          0          0          0   __scatter_zi.o
        48          6          0          0          0         96   _printf_char_common.o
        36          4          0          0          0         80   _printf_char_file.o
        18          0          0          0          0         80   exit.o
         8          0          0          0          0         68   ferror.o
         6          0          0          0          0        152   heapauxi.o
         2          0          0          0          0          0   libinit.o
         6          0          0          0          0          0   libinit2.o
         2          0          0          0          0          0   libshutdown.o
         2          0          0          0          0          0   libshutdown2.o
         8          4          0          0         96         68   libspace.o
        24          4          0          0          0         84   noretval__2printf.o
         2          0          0          0          0          0   rtexit.o
        10          0          0          0          0          0   rtexit2.o
        74          0          0          0          0         80   sys_stackheap_outer.o
         2          0          0          0          0         68   use_no_semi.o
         2          0          0          0          0         68   use_no_semi_2.o
        10          0          0          0          0        116   fpinit.o

    ----------------------------------------------------------------------
       502         26          0          0         96       1112   Library Totals
         6          0          0          0          0          0   (incl. Padding)

    ----------------------------------------------------------------------

      Code (inc. data)   RO Data    RW Data    ZI Data      Debug   Library Name

       486         26          0          0         96        996   c_w.l
        10          0          0          0          0        116   fz_wm.l

    ----------------------------------------------------------------------
       502         26          0          0         96       1112   Library Totals

    ----------------------------------------------------------------------

==============================================================================


      Code (inc. data)   RO Data    RW Data    ZI Data      Debug   

     14374        688        478        312       6632     244526   Grand Totals
     14374        688        478        188       6632     244526   ELF Image Totals (compressed)
     14374        688        478        188          0          0   ROM Totals

==============================================================================

    Total RO  Size (Code + RO Data)                14852 (  14.50kB)
    Total RW  Size (RW Data + ZI Data)              6944 (   6.78kB)
    Total ROM Size (Code + RO Data + RW Data)      15040 (  14.69kB)

==============================================================================

